Component: ARM Compiler 5.06 update 7 (build 960) Tool: armlink [4d3601]

==============================================================================

Section Cross References

    startup_stm32f40_41xxx.o(RESET) refers to startup_stm32f40_41xxx.o(STACK) for __initial_sp
    startup_stm32f40_41xxx.o(RESET) refers to startup_stm32f40_41xxx.o(.text) for Reset_Handler
    startup_stm32f40_41xxx.o(RESET) refers to port.o(.emb_text) for SVC_Handler
    startup_stm32f40_41xxx.o(RESET) refers to port.o(i.SysTick_Handler) for SysTick_Handler
    startup_stm32f40_41xxx.o(RESET) refers to rtc.o(i.RTC_WKUP_IRQHandler) for RTC_WKUP_IRQHandler
    startup_stm32f40_41xxx.o(RESET) refers to key.o(i.EXTI3_IRQHandler) for EXTI3_IRQHandler
    startup_stm32f40_41xxx.o(RESET) refers to key.o(i.EXTI9_5_IRQHandler) for EXTI9_5_IRQHandler
    startup_stm32f40_41xxx.o(RESET) refers to serial.o(i.USART1_IRQHandler) for USART1_IRQHandler
    startup_stm32f40_41xxx.o(RESET) refers to esp8266.o(i.USART2_IRQHandler) for USART2_IRQHandler
    startup_stm32f40_41xxx.o(RESET) refers to bluetooth.o(i.USART3_IRQHandler) for USART3_IRQHandler
    startup_stm32f40_41xxx.o(RESET) refers to sim900a.o(i.UART4_IRQHandler) for UART4_IRQHandler
    startup_stm32f40_41xxx.o(.text) refers to system_stm32f4xx.o(i.SystemInit) for SystemInit
    startup_stm32f40_41xxx.o(.text) refers to entry.o(.ARM.Collect$$$$00000000) for __main
    stm32f4xx_gpio.o(i.GPIO_DeInit) refers to stm32f4xx_rcc.o(i.RCC_AHB1PeriphResetCmd) for RCC_AHB1PeriphResetCmd
    stm32f4xx_rcc.o(i.RCC_GetClocksFreq) refers to stm32f4xx_rcc.o(.data) for APBAHBPrescTable
    stm32f4xx_rcc.o(i.RCC_WaitForHSEStartUp) refers to stm32f4xx_rcc.o(i.RCC_GetFlagStatus) for RCC_GetFlagStatus
    stm32f4xx_syscfg.o(i.SYSCFG_DeInit) refers to stm32f4xx_rcc.o(i.RCC_APB2PeriphResetCmd) for RCC_APB2PeriphResetCmd
    stm32f4xx_tim.o(i.TIM_DeInit) refers to stm32f4xx_rcc.o(i.RCC_APB2PeriphResetCmd) for RCC_APB2PeriphResetCmd
    stm32f4xx_tim.o(i.TIM_DeInit) refers to stm32f4xx_rcc.o(i.RCC_APB1PeriphResetCmd) for RCC_APB1PeriphResetCmd
    stm32f4xx_tim.o(i.TIM_ETRClockMode1Config) refers to stm32f4xx_tim.o(i.TIM_ETRConfig) for TIM_ETRConfig
    stm32f4xx_tim.o(i.TIM_ETRClockMode2Config) refers to stm32f4xx_tim.o(i.TIM_ETRConfig) for TIM_ETRConfig
    stm32f4xx_tim.o(i.TIM_ICInit) refers to stm32f4xx_tim.o(i.TI1_Config) for TI1_Config
    stm32f4xx_tim.o(i.TIM_ICInit) refers to stm32f4xx_tim.o(i.TIM_SetIC1Prescaler) for TIM_SetIC1Prescaler
    stm32f4xx_tim.o(i.TIM_ICInit) refers to stm32f4xx_tim.o(i.TI2_Config) for TI2_Config
    stm32f4xx_tim.o(i.TIM_ICInit) refers to stm32f4xx_tim.o(i.TIM_SetIC2Prescaler) for TIM_SetIC2Prescaler
    stm32f4xx_tim.o(i.TIM_ICInit) refers to stm32f4xx_tim.o(i.TI3_Config) for TI3_Config
    stm32f4xx_tim.o(i.TIM_ICInit) refers to stm32f4xx_tim.o(i.TIM_SetIC3Prescaler) for TIM_SetIC3Prescaler
    stm32f4xx_tim.o(i.TIM_ICInit) refers to stm32f4xx_tim.o(i.TI4_Config) for TI4_Config
    stm32f4xx_tim.o(i.TIM_ICInit) refers to stm32f4xx_tim.o(i.TIM_SetIC4Prescaler) for TIM_SetIC4Prescaler
    stm32f4xx_tim.o(i.TIM_ITRxExternalClockConfig) refers to stm32f4xx_tim.o(i.TIM_SelectInputTrigger) for TIM_SelectInputTrigger
    stm32f4xx_tim.o(i.TIM_PWMIConfig) refers to stm32f4xx_tim.o(i.TI1_Config) for TI1_Config
    stm32f4xx_tim.o(i.TIM_PWMIConfig) refers to stm32f4xx_tim.o(i.TIM_SetIC1Prescaler) for TIM_SetIC1Prescaler
    stm32f4xx_tim.o(i.TIM_PWMIConfig) refers to stm32f4xx_tim.o(i.TI2_Config) for TI2_Config
    stm32f4xx_tim.o(i.TIM_PWMIConfig) refers to stm32f4xx_tim.o(i.TIM_SetIC2Prescaler) for TIM_SetIC2Prescaler
    stm32f4xx_tim.o(i.TIM_TIxExternalClockConfig) refers to stm32f4xx_tim.o(i.TI2_Config) for TI2_Config
    stm32f4xx_tim.o(i.TIM_TIxExternalClockConfig) refers to stm32f4xx_tim.o(i.TI1_Config) for TI1_Config
    stm32f4xx_tim.o(i.TIM_TIxExternalClockConfig) refers to stm32f4xx_tim.o(i.TIM_SelectInputTrigger) for TIM_SelectInputTrigger
    stm32f4xx_usart.o(i.USART_DeInit) refers to stm32f4xx_rcc.o(i.RCC_APB2PeriphResetCmd) for RCC_APB2PeriphResetCmd
    stm32f4xx_usart.o(i.USART_DeInit) refers to stm32f4xx_rcc.o(i.RCC_APB1PeriphResetCmd) for RCC_APB1PeriphResetCmd
    stm32f4xx_usart.o(i.USART_Init) refers to stm32f4xx_rcc.o(i.RCC_GetClocksFreq) for RCC_GetClocksFreq
    stm32f4xx_rtc.o(i.RTC_CoarseCalibCmd) refers to stm32f4xx_rtc.o(i.RTC_EnterInitMode) for RTC_EnterInitMode
    stm32f4xx_rtc.o(i.RTC_CoarseCalibCmd) refers to stm32f4xx_rtc.o(i.RTC_ExitInitMode) for RTC_ExitInitMode
    stm32f4xx_rtc.o(i.RTC_CoarseCalibConfig) refers to stm32f4xx_rtc.o(i.RTC_EnterInitMode) for RTC_EnterInitMode
    stm32f4xx_rtc.o(i.RTC_CoarseCalibConfig) refers to stm32f4xx_rtc.o(i.RTC_ExitInitMode) for RTC_ExitInitMode
    stm32f4xx_rtc.o(i.RTC_DeInit) refers to stm32f4xx_rtc.o(i.RTC_EnterInitMode) for RTC_EnterInitMode
[...]
    IIC_SetSDAOutput                         0x08002301   Thumb Code    48  oled.o(i.IIC_SetSDAOutput)
    IsBodySensing                            0x08002335   Thumb Code    20  hcsr312.o(i.IsBodySensing)
    IsFireSensing                            0x0800234d   Thumb Code    20  fire.o(i.IsFireSensing)
    Key_Init                                 0x08002365   Thumb Code   172  key.o(i.Key_Init)
    LCD_Address_Set                          0x08002419   Thumb Code    58  lcd_init.o(i.LCD_Address_Set)
    LCD_DrawPoint                            0x08002453   Thumb Code    28  lcd.o(i.LCD_DrawPoint)
    LCD_Fill                                 0x0800246f   Thumb Code    74  lcd.o(i.LCD_Fill)
    LCD_GPIO_Init                            0x080024b9   Thumb Code   190  lcd_init.o(i.LCD_GPIO_Init)
    LCD_Init                                 0x08002589   Thumb Code   542  lcd_init.o(i.LCD_Init)
    LCD_ShowChar                             0x080027b1   Thumb Code   328  lcd.o(i.LCD_ShowChar)
    LCD_ShowIntNum                           0x08002909   Thumb Code   150  lcd.o(i.LCD_ShowIntNum)
    LCD_ShowString                           0x0800299f   Thumb Code    66  lcd.o(i.LCD_ShowString)
    LCD_WR_DATA                              0x080029e1   Thumb Code    18  lcd_init.o(i.LCD_WR_DATA)
    LCD_WR_DATA8                             0x080029f3   Thumb Code    12  lcd_init.o(i.LCD_WR_DATA8)
    LCD_WR_REG                               0x08002a01   Thumb Code    28  lcd_init.o(i.LCD_WR_REG)
    LCD_Writ_Bus                             0x08002a21   Thumb Code    82  lcd_init.o(i.LCD_Writ_Bus)
    LED_Init                                 0x08002a7d   Thumb Code   100  led.o(i.LED_Init)
    MP3                                      0x08002ae9   Thumb Code   276  main.o(i.MP3)
    MP3_Init                                 0x08002c35   Thumb Code   144  mp3.o(i.MP3_Init)
    MP3_SendByte                             0x08002cd1   Thumb Code    28  mp3.o(i.MP3_SendByte)
    MPU6050                                  0x08002cf1   Thumb Code   418  main.o(i.MPU6050)
    MPU_Init                                 0x08002eed   Thumb Code   122  mpu6050.o(i.MPU_Init)
    MPU_IsSlaveACK                           0x08002f69   Thumb Code    76  iic.o(i.MPU_IsSlaveACK)
    MPU_Pin_Init                             0x08002fbd   Thumb Code   112  iic.o(i.MPU_Pin_Init)
    MPU_ReadByte                             0x08003035   Thumb Code    88  iic.o(i.MPU_ReadByte)
    MPU_Read_Byte                            0x08003095   Thumb Code    62  mpu6050.o(i.MPU_Read_Byte)
    MPU_Read_Len                             0x080030d3   Thumb Code   124  mpu6050.o(i.MPU_Read_Len)
    MPU_SendACK                              0x08003151   Thumb Code    74  iic.o(i.MPU_SendACK)
    MPU_SendByte                             0x080031a5   Thumb Code   110  iic.o(i.MPU_SendByte)
    MPU_SetSDAInput                          0x0800321d   Thumb Code    30  iic.o(i.MPU_SetSDAInput)
    MPU_SetSDAOutput                         0x08003241   Thumb Code    48  iic.o(i.MPU_SetSDAOutput)
    MPU_Set_Accel_Fsr                        0x08003275   Thumb Code    16  mpu6050.o(i.MPU_Set_Accel_Fsr)
    MPU_Set_Gyro_Fsr                         0x08003285   Thumb Code    16  mpu6050.o(i.MPU_Set_Gyro_Fsr)
    MPU_Set_LPF                              0x08003295   Thumb Code    58  mpu6050.o(i.MPU_Set_LPF)
    MPU_Set_Rate                             0x080032cf   Thumb Code    58  mpu6050.o(i.MPU_Set_Rate)
    MPU_Start                                0x08003309   Thumb Code    66  iic.o(i.MPU_Start)
    MPU_Stop                                 0x08003355   Thumb Code    66  iic.o(i.MPU_Stop)
    MPU_Write_Byte                           0x080033a1   Thumb Code    68  mpu6050.o(i.MPU_Write_Byte)
    MPU_Write_Len                            0x080033e5   Thumb Code    96  mpu6050.o(i.MPU_Write_Len)
    MQADC                                    0x08003445   Thumb Code   122  main.o(i.MQADC)
    MQ_Init                                  0x080034cd   Thumb Code   108  mqadc.o(i.MQ_Init)
    NVIC_Init                                0x08003541   Thumb Code   106  misc.o(i.NVIC_Init)
    NVIC_PriorityGroupConfig                 0x080035b9   Thumb Code    10  misc.o(i.NVIC_PriorityGroupConfig)
    OLED_Clear                               0x080035cd   Thumb Code    42  oled.o(i.OLED_Clear)
    OLED_I2C_Init                            0x080035f9   Thumb Code   112  oled.o(i.OLED_I2C_Init)
    OLED_I2C_SendByte                        0x0800366d   Thumb Code   116  oled.o(i.OLED_I2C_SendByte)
    OLED_I2C_Start                           0x080036e5   Thumb Code    70  oled.o(i.OLED_I2C_Start)
    OLED_I2C_Stop                            0x08003731   Thumb Code    70  oled.o(i.OLED_I2C_Stop)
    OLED_IIC_Wait_Ack                        0x0800377d   Thumb Code    82  oled.o(i.OLED_IIC_Wait_Ack)
    OLED_Init                                0x080037d5   Thumb Code   156  oled.o(i.OLED_Init)
    OLED_Pow                                 0x08003871   Thumb Code    20  oled.o(i.OLED_Pow)
    OLED_SetCursor                           0x08003885   Thumb Code    34  oled.o(i.OLED_SetCursor)
    OLED_ShowChar                            0x080038a9   Thumb Code   110  oled.o(i.OLED_ShowChar)
    OLED_ShowNum                             0x0800391d   Thumb Code    68  oled.o(i.OLED_ShowNum)
    OLED_ShowSignedNum                       0x08003961   Thumb Code   102  oled.o(i.OLED_ShowSignedNum)
    OLED_ShowString                          0x080039c7   Thumb Code    40  oled.o(i.OLED_ShowString)
    OLED_WriteCommand                        0x080039ef   Thumb Code    44  oled.o(i.OLED_WriteCommand)
    OLED_WriteData                           0x08003a1b   Thumb Code    44  oled.o(i.OLED_WriteData)
    PWR_BackupAccessCmd                      0x08003a49   Thumb Code     6  stm32f4xx_pwr.o(i.PWR_BackupAccessCmd)
    PubTopicToMP                             0x08003a55   Thumb Code    68  esp8266.o(i.PubTopicToMP)
    RCC_AHB1PeriphClockCmd                   0x08003ac9   Thumb Code    26  stm32f4xx_rcc.o(i.RCC_AHB1PeriphClockCmd)
    RCC_APB1PeriphClockCmd                   0x08003ae9   Thumb Code    26  stm32f4xx_rcc.o(i.RCC_APB1PeriphClockCmd)
    RCC_APB2PeriphClockCmd                   0x08003b09   Thumb Code    26  stm32f4xx_rcc.o(i.RCC_APB2PeriphClockCmd)
    RCC_GetClocksFreq                        0x08003b29   Thumb Code   214  stm32f4xx_rcc.o(i.RCC_GetClocksFreq)
    RCC_GetFlagStatus                        0x08003c11   Thumb Code    60  stm32f4xx_rcc.o(i.RCC_GetFlagStatus)
    RCC_LSEConfig                            0x08003c51   Thumb Code    40  stm32f4xx_rcc.o(i.RCC_LSEConfig)
    RCC_RTCCLKCmd                            0x08003c7d   Thumb Code     6  stm32f4xx_rcc.o(i.RCC_RTCCLKCmd)
    RCC_RTCCLKConfig                         0x08003c89   Thumb Code    50  stm32f4xx_rcc.o(i.RCC_RTCCLKConfig)
    RLED_Off                                 0x08003cc5   Thumb Code    12  led.o(i.RLED_Off)
    RTC_ClearITPendingBit                    0x08003d09   Thumb Code    28  stm32f4xx_rtc.o(i.RTC_ClearITPendingBit)
    RTC_Config                               0x08003d29   Thumb Code   234  rtc.o(i.RTC_Config)
    RTC_EnterInitMode                        0x08003e15   Thumb Code    76  stm32f4xx_rtc.o(i.RTC_EnterInitMode)
    RTC_ExitInitMode                         0x08003e65   Thumb Code    14  stm32f4xx_rtc.o(i.RTC_ExitInitMode)
    RTC_GetITStatus                          0x08003e79   Thumb Code    58  stm32f4xx_rtc.o(i.RTC_GetITStatus)
    RTC_GetTime                              0x08003eb9   Thumb Code    72  stm32f4xx_rtc.o(i.RTC_GetTime)
    RTC_ITConfig                             0x08003f09   Thumb Code    94  stm32f4xx_rtc.o(i.RTC_ITConfig)
    RTC_Init                                 0x08003f6d   Thumb Code    94  stm32f4xx_rtc.o(i.RTC_Init)
    RTC_SetDate                              0x08003fd1   Thumb Code   190  stm32f4xx_rtc.o(i.RTC_SetDate)
    RTC_SetTime                              0x08004099   Thumb Code   198  stm32f4xx_rtc.o(i.RTC_SetTime)
    RTC_SetWakeUpCounter                     0x08004169   Thumb Code    22  stm32f4xx_rtc.o(i.RTC_SetWakeUpCounter)
    RTC_WKUP_IRQHandler                      0x08004185   Thumb Code    34  rtc.o(i.RTC_WKUP_IRQHandler)
    RTC_WaitForSynchro                       0x080041ad   Thumb Code    92  stm32f4xx_rtc.o(i.RTC_WaitForSynchro)
    RTC_WakeUpClockConfig                    0x0800420d   Thumb Code    42  stm32f4xx_rtc.o(i.RTC_WakeUpClockConfig)
    RTC_WakeUpCmd                            0x0800423d   Thumb Code   116  stm32f4xx_rtc.o(i.RTC_WakeUpCmd)
    SIM900A                                  0x080042b5   Thumb Code   366  main.o(i.SIM900A)
    SIM900A_Clear                            0x08004551   Thumb Code    20  sim900a.o(i.SIM900A_Clear)
    SIM900A_SendCmd                          0x0800456d   Thumb Code    60  sim900a.o(i.SIM900A_SendCmd)
    SIM900A_WaitRecive                       0x080045ad   Thumb Code    44  sim900a.o(i.SIM900A_WaitRecive)
    SIM_Init                                 0x080045e1   Thumb Code   166  sim900a.o(i.SIM_Init)
    SIM_SendByte                             0x08004691   Thumb Code    28  sim900a.o(i.SIM_SendByte)
    SIM_SendString                           0x080046b1   Thumb Code    22  sim900a.o(i.SIM_SendString)
    SYSCFG_EXTILineConfig                    0x080046c9   Thumb Code    60  stm32f4xx_syscfg.o(i.SYSCFG_EXTILineConfig)
    ScreenDisplay                            0x08004709   Thumb Code   440  main.o(i.ScreenDisplay)
    Send_ChineseMessages                     0x08004925   Thumb Code   120  sim900a.o(i.Send_ChineseMessages)
    Serial_Init                              0x080049f9   Thumb Code   166  serial.o(i.Serial_Init)
    SetTimeDate                              0x08004b95   Thumb Code   330  rtc.o(i.SetTimeDate)
    Start_ZhiDing                            0x08004cfd   Thumb Code    38  mp3.o(i.Start_ZhiDing)
    SubTopic                                 0x08004d2d   Thumb Code    64  esp8266.o(i.SubTopic)
    SysTick_CLKSourceConfig                  0x08004d91   Thumb Code    40  misc.o(i.SysTick_CLKSourceConfig)
    SysTick_Handler                          0x08004db9   Thumb Code    46  port.o(i.SysTick_Handler)
    SystemInit                               0x08004ded   Thumb Code    88  system_stm32f4xx.o(i.SystemInit)
    UART4_IRQHandler                         0x08004e55   Thumb Code    68  sim900a.o(i.UART4_IRQHandler)
    USART1_IRQHandler                        0x08004ea5   Thumb Code    50  serial.o(i.USART1_IRQHandler)
    USART2_IRQHandler                        0x08004ee5   Thumb Code    66  esp8266.o(i.USART2_IRQHandler)
    USART2_SendByte                          0x08004f35   Thumb Code    28  esp8266.o(i.USART2_SendByte)
    USART2_SendString                        0x08004f55   Thumb Code    22  esp8266.o(i.USART2_SendString)
    USART3_IRQHandler                        0x08004f6d   Thumb Code    68  bluetooth.o(i.USART3_IRQHandler)
    USART_ClearITPendingBit                  0x08004fbd   Thumb Code    30  stm32f4xx_usart.o(i.USART_ClearITPendingBit)
    USART_Cmd                                0x08004fdb   Thumb Code    24  stm32f4xx_usart.o(i.USART_Cmd)
    USART_GetFlagStatus                      0x08004ff3   Thumb Code    26  stm32f4xx_usart.o(i.USART_GetFlagStatus)
    USART_GetITStatus                        0x0800500d   Thumb Code    84  stm32f4xx_usart.o(i.USART_GetITStatus)
    USART_ITConfig                           0x08005061   Thumb Code    74  stm32f4xx_usart.o(i.USART_ITConfig)
    USART_Init                               0x080050ad   Thumb Code   204  stm32f4xx_usart.o(i.USART_Init)
    USART_ReceiveData                        0x08005181   Thumb Code    10  stm32f4xx_usart.o(i.USART_ReceiveData)
    USART_SendData                           0x0800518b   Thumb Code     8  stm32f4xx_usart.o(i.USART_SendData)
    VolumeDown                               0x08005195   Thumb Code    30  mp3.o(i.VolumeDown)
    VolumeUp                                 0x080051b9   Thumb Code    30  mp3.o(i.VolumeUp)
    WLED_Off                                 0x080051dd   Thumb Code    12  led.o(i.WLED_Off)
    WLED_On                                  0x080051ed   Thumb Code    12  led.o(i.WLED_On)
    __0printf                                0x080051fd   Thumb Code    22  printfa.o(i.__0printf)
    __1printf                                0x080051fd   Thumb Code     0  printfa.o(i.__0printf)
    __2printf                                0x080051fd   Thumb Code     0  printfa.o(i.__0printf)
    __c89printf                              0x080051fd   Thumb Code     0  printfa.o(i.__0printf)
    printf                                   0x080051fd   Thumb Code     0  printfa.o(i.__0printf)
    __0sprintf                               0x0800521d   Thumb Code    34  printfa.o(i.__0sprintf)
    __1sprintf                               0x0800521d   Thumb Code     0  printfa.o(i.__0sprintf)
    __2sprintf                               0x0800521d   Thumb Code     0  printfa.o(i.__0sprintf)
    __c89sprintf                             0x0800521d   Thumb Code     0  printfa.o(i.__0sprintf)
    sprintf                                  0x0800521d   Thumb Code     0  printfa.o(i.__0sprintf)
    __ARM_fpclassify                         0x08005245   Thumb Code    48  fpclassify.o(i.__ARM_fpclassify)
    __aeabi_errno_addr                       0x08005275   Thumb Code     4  errno.o(i.__aeabi_errno_addr)
    __rt_errno_addr                          0x08005275   Thumb Code     0  errno.o(i.__aeabi_errno_addr)
    free                                     0x0800527d   Thumb Code    88  mallocr.o(i.__free$realloc)
    __hardfp_asin                            0x080052d9   Thumb Code   770  asin.o(i.__hardfp_asin)
    __hardfp_atan                            0x08005639   Thumb Code   622  atan.o(i.__hardfp_atan)
    __hardfp_atan2                           0x08005911   Thumb Code   448  atan2.o(i.__hardfp_atan2)
    __hardfp_strtod                          0x08005b11   Thumb Code    30  strtod.o(i.__hardfp_strtod)
    __kernel_poly                            0x08005b39   Thumb Code   248  poly.o(i.__kernel_poly)
    malloc                                   0x08005c31   Thumb Code    64  mallocr.o(i.__malloc$realloc)
    __mathlib_dbl_infnan                     0x08005c81   Thumb Code    20  dunder.o(i.__mathlib_dbl_infnan)
    __mathlib_dbl_infnan2                    0x08005c95   Thumb Code    20  dunder.o(i.__mathlib_dbl_infnan2)
    __mathlib_dbl_invalid                    0x08005ca9   Thumb Code    24  dunder.o(i.__mathlib_dbl_invalid)
    __mathlib_dbl_underflow                  0x08005cc9   Thumb Code    24  dunder.o(i.__mathlib_dbl_underflow)
    __scatterload_copy                       0x08005ce9   Thumb Code    14  handlers.o(i.__scatterload_copy)
    __scatterload_null                       0x08005cf7   Thumb Code     2  handlers.o(i.__scatterload_null)
    __scatterload_zeroinit                   0x08005cf9   Thumb Code    14  handlers.o(i.__scatterload_zeroinit)
    __set_errno                              0x08005d09   Thumb Code     6  errno.o(i.__set_errno)
    _is_digit                                0x08005e99   Thumb Code    14  scanf_fp.o(i._is_digit)
    atan                                     0x08006679   Thumb Code    16  atan.o(i.atan)
    cJSON_Delete                             0x080066d1   Thumb Code    84  cjson.o(i.cJSON_Delete)
    cJSON_GetErrorPtr                        0x08006729   Thumb Code    12  cjson.o(i.cJSON_GetErrorPtr)
    cJSON_GetObjectItemCaseSensitive         0x08006739   Thumb Code    18  cjson.o(i.cJSON_GetObjectItemCaseSensitive)
    cJSON_IsNumber                           0x0800674b   Thumb Code    22  cjson.o(i.cJSON_IsNumber)
    cJSON_IsString                           0x08006761   Thumb Code    22  cjson.o(i.cJSON_IsString)
    cJSON_Parse                              0x08006791   Thumb Code    16  cjson.o(i.cJSON_Parse)
    cJSON_ParseWithLengthOpts                0x080067a1   Thumb Code   204  cjson.o(i.cJSON_ParseWithLengthOpts)
    cJSON_ParseWithOpts                      0x08006875   Thumb Code    40  cjson.o(i.cJSON_ParseWithOpts)
    cjson_slice                              0x080068e5   Thumb Code   172  esp8266.o(i.cjson_slice)
    dmp_enable_6x_lp_quat                    0x08006a71   Thumb Code    60  inv_mpu_dmp_motion_driver.o(i.dmp_enable_6x_lp_quat)
    dmp_enable_feature                       0x08006aad   Thumb Code   530  inv_mpu_dmp_motion_driver.o(i.dmp_enable_feature)
    dmp_enable_gyro_cal                      0x08006cc9   Thumb Code    62  inv_mpu_dmp_motion_driver.o(i.dmp_enable_gyro_cal)
    dmp_enable_lp_quat                       0x08006d21   Thumb Code    60  inv_mpu_dmp_motion_driver.o(i.dmp_enable_lp_quat)
    dmp_load_motion_driver_firmware          0x08006d5d   Thumb Code    20  inv_mpu_dmp_motion_driver.o(i.dmp_load_motion_driver_firmware)
    dmp_read_fifo                            0x08006d75   Thumb Code   456  inv_mpu_dmp_motion_driver.o(i.dmp_read_fifo)
    dmp_set_accel_bias                       0x08006f41   Thumb Code   300  inv_mpu_dmp_motion_driver.o(i.dmp_set_accel_bias)
    dmp_set_fifo_rate                        0x08007071   Thumb Code    96  inv_mpu_dmp_motion_driver.o(i.dmp_set_fifo_rate)
    dmp_set_gyro_bias                        0x080070e1   Thumb Code   294  inv_mpu_dmp_motion_driver.o(i.dmp_set_gyro_bias)
    dmp_set_orientation                      0x08007211   Thumb Code   290  inv_mpu_dmp_motion_driver.o(i.dmp_set_orientation)
    dmp_set_shake_reject_thresh              0x08007349   Thumb Code    56  inv_mpu_dmp_motion_driver.o(i.dmp_set_shake_reject_thresh)
    dmp_set_shake_reject_time                0x08007381   Thumb Code    38  inv_mpu_dmp_motion_driver.o(i.dmp_set_shake_reject_time)
    dmp_set_shake_reject_timeout             0x080073a7   Thumb Code    38  inv_mpu_dmp_motion_driver.o(i.dmp_set_shake_reject_timeout)
    dmp_set_tap_axes                         0x080073cd   Thumb Code    70  inv_mpu_dmp_motion_driver.o(i.dmp_set_tap_axes)
    dmp_set_tap_count                        0x08007413   Thumb Code    38  inv_mpu_dmp_motion_driver.o(i.dmp_set_tap_count)
    dmp_set_tap_thresh                       0x08007439   Thumb Code   412  inv_mpu_dmp_motion_driver.o(i.dmp_set_tap_thresh)
    dmp_set_tap_time                         0x080075f9   Thumb Code    38  inv_mpu_dmp_motion_driver.o(i.dmp_set_tap_time)
    dmp_set_tap_time_multi                   0x0800761f   Thumb Code    38  inv_mpu_dmp_motion_driver.o(i.dmp_set_tap_time_multi)
    fabs                                     0x08007645   Thumb Code    24  fabs.o(i.fabs)
    fputc                                    0x0800765d   Thumb Code    32  serial.o(i.fputc)
    get_json                                 0x08007755   Thumb Code    76  esp8266.o(i.get_json)
    inv_orientation_matrix_to_scalar         0x08007e15   Thumb Code    40  inv_mpu.o(i.inv_orientation_matrix_to_scalar)
    inv_row_2_scale                          0x08007e3d   Thumb Code    78  inv_mpu.o(i.inv_row_2_scale)
    main                                     0x08007e8d   Thumb Code   398  main.o(i.main)
    mget_ms                                  0x0800812d   Thumb Code     2  inv_mpu.o(i.mget_ms)
    mpu_configure_fifo                       0x08008131   Thumb Code   106  inv_mpu.o(i.mpu_configure_fifo)
    mpu_dmp_get_data                         0x080081a1   Thumb Code   520  inv_mpu.o(i.mpu_dmp_get_data)
    mpu_dmp_init                             0x080083b9   Thumb Code   150  inv_mpu.o(i.mpu_dmp_init)
    mpu_get_accel_fsr                        0x08008455   Thumb Code    72  inv_mpu.o(i.mpu_get_accel_fsr)
    mpu_get_accel_sens                       0x080084a1   Thumb Code    78  inv_mpu.o(i.mpu_get_accel_sens)
    mpu_get_fifo_config                      0x080084f5   Thumb Code    12  inv_mpu.o(i.mpu_get_fifo_config)
    mpu_get_gyro_fsr                         0x08008505   Thumb Code    64  inv_mpu.o(i.mpu_get_gyro_fsr)
    mpu_get_gyro_sens                        0x08008549   Thumb Code    74  inv_mpu.o(i.mpu_get_gyro_sens)
    mpu_get_lpf                              0x080085a9   Thumb Code    74  inv_mpu.o(i.mpu_get_lpf)
    mpu_get_sample_rate                      0x080085f9   Thumb Code    26  inv_mpu.o(i.mpu_get_sample_rate)
    mpu_init                                 0x08008619   Thumb Code   416  inv_mpu.o(i.mpu_init)
    mpu_load_firmware                        0x08008809   Thumb Code   180  inv_mpu.o(i.mpu_load_firmware)
    mpu_lp_accel_mode                        0x080088c1   Thumb Code   218  inv_mpu.o(i.mpu_lp_accel_mode)
    mpu_read_fifo_stream                     0x080089a1   Thumb Code   186  inv_mpu.o(i.mpu_read_fifo_stream)
    mpu_read_mem                             0x08008a61   Thumb Code   122  inv_mpu.o(i.mpu_read_mem)
    mpu_reset_fifo                           0x08008ae1   Thumb Code   450  inv_mpu.o(i.mpu_reset_fifo)
    mpu_run_self_test                        0x08008ca9   Thumb Code   278  inv_mpu.o(i.mpu_run_self_test)
    mpu_set_accel_fsr                        0x08008dc5   Thumb Code   126  inv_mpu.o(i.mpu_set_accel_fsr)
    mpu_set_bypass                           0x08008e49   Thumb Code   328  inv_mpu.o(i.mpu_set_bypass)
    mpu_set_dmp_state                        0x08008f95   Thumb Code   138  inv_mpu.o(i.mpu_set_dmp_state)
    mpu_set_gyro_fsr                         0x08009025   Thumb Code   132  inv_mpu.o(i.mpu_set_gyro_fsr)
    mpu_set_int_latched                      0x080090ad   Thumb Code   102  inv_mpu.o(i.mpu_set_int_latched)
    mpu_set_lpf                              0x08009119   Thumb Code   126  inv_mpu.o(i.mpu_set_lpf)
    mpu_set_sample_rate                      0x0800919d   Thumb Code   152  inv_mpu.o(i.mpu_set_sample_rate)
    mpu_set_sensors                          0x08009239   Thumb Code   202  inv_mpu.o(i.mpu_set_sensors)
    mpu_write_mem                            0x08009309   Thumb Code   122  inv_mpu.o(i.mpu_write_mem)
    mypow                                    0x08009389   Thumb Code    22  lcd.o(i.mypow)
    pvPortMalloc                             0x0800a3ed   Thumb Code   296  heap_4.o(i.pvPortMalloc)
    pvTaskIncrementMutexHeldCount            0x0800a529   Thumb Code    26  tasks.o(i.pvTaskIncrementMutexHeldCount)
    pxPortInitialiseStack                    0x0800a549   Thumb Code    38  port.o(i.pxPortInitialiseStack)
    realloc                                  0x0800a575   Thumb Code   102  mallocr.o(i.realloc)
    run_self_test                            0x0800a5e1   Thumb Code   154  inv_mpu.o(i.run_self_test)
    slice                                    0x0800a749   Thumb Code    36  bluetooth.o(i.slice)
    sqrt                                     0x0800a771   Thumb Code   110  sqrt.o(i.sqrt)
    uxListRemove                             0x0800a90b   Thumb Code    40  list.o(i.uxListRemove)
    vListInitialise                          0x0800a933   Thumb Code    26  list.o(i.vListInitialise)
    vListInitialiseItem                      0x0800a94d   Thumb Code     6  list.o(i.vListInitialiseItem)
    vListInsert                              0x0800a953   Thumb Code    52  list.o(i.vListInsert)
    vListInsertEnd                           0x0800a987   Thumb Code    24  list.o(i.vListInsertEnd)
    vPortEnterCritical                       0x0800a9a1   Thumb Code    76  port.o(i.vPortEnterCritical)
    vPortExitCritical                        0x0800a9f5   Thumb Code    56  port.o(i.vPortExitCritical)
    vPortFree                                0x0800aa31   Thumb Code   140  heap_4.o(i.vPortFree)
    vPortSetupTimerInterrupt                 0x0800aac5   Thumb Code    26  port.o(i.vPortSetupTimerInterrupt)
    vPortValidateInterruptPriority           0x0800aae5   Thumb Code   106  port.o(i.vPortValidateInterruptPriority)
    vQueueAddToRegistry                      0x0800ab5d   Thumb Code    38  queue.o(i.vQueueAddToRegistry)
    vQueueWaitForMessageRestricted           0x0800ab89   Thumb Code    74  queue.o(i.vQueueWaitForMessageRestricted)
    vTaskDelay                               0x0800abd5   Thumb Code    82  tasks.o(i.vTaskDelay)
    vTaskMissedYield                         0x0800ac31   Thumb Code     8  tasks.o(i.vTaskMissedYield)
    vTaskPlaceOnEventList                    0x0800ac3d   Thumb Code    52  tasks.o(i.vTaskPlaceOnEventList)
    vTaskPlaceOnEventListRestricted          0x0800ac75   Thumb Code    60  tasks.o(i.vTaskPlaceOnEventListRestricted)
    vTaskPriorityInherit                     0x0800acb5   Thumb Code   164  tasks.o(i.vTaskPriorityInherit)
    vTaskSetTimeOutState                     0x0800ad65   Thumb Code    38  tasks.o(i.vTaskSetTimeOutState)
    vTaskStartScheduler                      0x0800ad95   Thumb Code   118  tasks.o(i.vTaskStartScheduler)
    vTaskSuspendAll                          0x0800ae29   Thumb Code    12  tasks.o(i.vTaskSuspendAll)
    vTaskSwitchContext                       0x0800ae39   Thumb Code   118  tasks.o(i.vTaskSwitchContext)
    xPortStartScheduler                      0x0800aec5   Thumb Code   288  port.o(i.xPortStartScheduler)
    xQueueCreateCountingSemaphore            0x0800b001   Thumb Code    92  queue.o(i.xQueueCreateCountingSemaphore)
    xQueueCreateMutex                        0x0800b05d   Thumb Code    34  queue.o(i.xQueueCreateMutex)
    xQueueGenericCreate                      0x0800b07f   Thumb Code    88  queue.o(i.xQueueGenericCreate)
    xQueueGenericReceive                     0x0800b0d9   Thumb Code   446  queue.o(i.xQueueGenericReceive)
    xQueueGenericReset                       0x0800b29d   Thumb Code   146  queue.o(i.xQueueGenericReset)
    xQueueGenericSend                        0x0800b335   Thumb Code   420  queue.o(i.xQueueGenericSend)
    xQueueGenericSendFromISR                 0x0800b4dd   Thumb Code   248  queue.o(i.xQueueGenericSendFromISR)
    xTaskCheckForTimeOut                     0x0800b5d5   Thumb Code   132  tasks.o(i.xTaskCheckForTimeOut)
    xTaskCreate                              0x0800b661   Thumb Code    96  tasks.o(i.xTaskCreate)
    xTaskGetSchedulerState                   0x0800b6c1   Thumb Code    24  tasks.o(i.xTaskGetSchedulerState)
    xTaskGetTickCount                        0x0800b6e1   Thumb Code     6  tasks.o(i.xTaskGetTickCount)
    xTaskIncrementTick                       0x0800b6ed   Thumb Code   282  tasks.o(i.xTaskIncrementTick)
    xTaskPriorityDisinherit                  0x0800b835   Thumb Code   188  tasks.o(i.xTaskPriorityDisinherit)
    xTaskRemoveFromEventList                 0x0800b8fd   Thumb Code   128  tasks.o(i.xTaskRemoveFromEventList)
    xTaskResumeAll                           0x0800b995   Thumb Code   224  tasks.o(i.xTaskResumeAll)
    xTimerCreateTimerTask                    0x0800ba99   Thumb Code    66  timers.o(i.xTimerCreateTimerTask)
    xTimerGenericCommand                     0x0800baf1   Thumb Code   126  timers.o(i.xTimerGenericCommand)
    ascii_1206                               0x0800bb74   Data        1140  lcd.o(.constdata)
    ascii_1608                               0x0800bfe8   Data        1520  lcd.o(.constdata)
    ascii_2412                               0x0800c5d8   Data        4560  lcd.o(.constdata)
    ascii_3216                               0x0800d7a8   Data        6080  lcd.o(.constdata)
    tfont12                                  0x0800ef68   Data         130  lcd.o(.constdata)
    tfont16                                  0x0800efea   Data         170  lcd.o(.constdata)
    tfont24                                  0x0800f094   Data         370  lcd.o(.constdata)
    tfont32                                  0x0800f206   Data         650  lcd.o(.constdata)
    OLED_F8x16                               0x0800f490   Data        1520  oled.o(.constdata)
    reg                                      0x0800fa80   Data          27  inv_mpu.o(.constdata)
    hw                                       0x0800fa9c   Data          12  inv_mpu.o(.constdata)
    test                                     0x0800faa8   Data          40  inv_mpu.o(.constdata)
    __mathlib_zero                           0x080107b0   Data           8  qnan.o(.constdata)
    __ctype_table                            0x080107b8   Data         129  ctype_o.o(.constdata)
    Region$$Table$$Base                      0x080109a8   Number         0  anon$$obj.o(Region$$Table)
    Region$$Table$$Limit                     0x080109d8   Number         0  anon$$obj.o(Region$$Table)
    ubRxIndex                                0x10000010   Data           1  serial.o(.data)
    SIM_Count                                0x10000012   Data           2  sim900a.o(.data)
    SIM_CountPre                             0x10000014   Data           2  sim900a.o(.data)
    blueteeth_cnt                            0x10000016   Data           2  bluetooth.o(.data)
    blueteeth_cntPre                         0x10000018   Data           2  bluetooth.o(.data)
    blueteeth_recvcnt                        0x1000001a   Data           2  bluetooth.o(.data)
    TimeDisplay                              0x1000001c   Data           1  rtc.o(.data)
    avalue_key                               0x1000001d   Data           1  key.o(.data)
    bvalue_key                               0x1000001e   Data           1  key.o(.data)
    SystemCoreClock                          0x10000020   Data           4  system_stm32f4xx.o(.data)
    AHBPrescTable                            0x10000024   Data          16  system_stm32f4xx.o(.data)
    DHT11Data                                0x10000038   Data           5  main.o(.data)
    temp                                     0x1000003d   Data           1  main.o(.data)
    hum                                      0x1000003e   Data           1  main.o(.data)
    mq2                                      0x10000040   Data           2  main.o(.data)
    mq5                                      0x10000042   Data           2  main.o(.data)
    people                                   0x10000044   Data           1  main.o(.data)
    fire                                     0x10000045   Data           1  main.o(.data)
    pitch                                    0x10000048   Data           4  main.o(.data)
    roll                                     0x1000004c   Data           4  main.o(.data)
    yaw                                      0x10000050   Data           4  main.o(.data)
    tvalue_tmp                               0x10000054   Data           2  main.o(.data)
    tvalue_hum                               0x10000056   Data           2  main.o(.data)
    tvalue_mq2                               0x10000058   Data           2  main.o(.data)
    tvalue_mq5                               0x1000005a   Data           2  main.o(.data)
    tvalue_tangle                            0x1000005c   Data           2  main.o(.data)
    LCDMutex                                 0x10000060   Data           4  main.o(.data)
    OLEDMutex                                0x10000064   Data           4  main.o(.data)
    PubMutex                                 0x10000068   Data           4  main.o(.data)
    EspNum                                   0x1000006c   Data           4  main.o(.data)
    SemaphoreNum                             0x10000070   Data           4  main.o(.data)
    g_sem_tmp                                0x10000074   Data           4  main.o(.data)
    EspHandle                                0x10000078   Data           4  main.o(.data)
    BedlampControlHandle                     0x1000007c   Data           4  main.o(.data)
    AlarmControlHandle                       0x10000080   Data           4  main.o(.data)
    ScreenDisplayHandle                      0x10000084   Data           4  main.o(.data)
    DHT11Handle                              0x10000088   Data           4  main.o(.data)
    MQADCHandle                              0x1000008c   Data           4  main.o(.data)
    FIREHandle                               0x10000090   Data           4  main.o(.data)
    BODYREATIONHandle                        0x10000094   Data           4  main.o(.data)
    MPU6050Handle                            0x10000098   Data           4  main.o(.data)
    BlueTeethHandle                          0x1000009c   Data           4  main.o(.data)
    SIM900AHandle                            0x100000a0   Data           4  main.o(.data)
    MP3Handle                                0x100000a4   Data           4  main.o(.data)
    pxCurrentTCB                             0x100000a8   Data           4  tasks.o(.data)
    esp8266_cnt                              0x1000011c   Data           2  esp8266.o(.data)
    esp8266_cntPre                           0x1000011e   Data           2  esp8266.o(.data)
    recv_cnt                                 0x10000120   Data           1  esp8266.o(.data)
    avalue                                   0x10000121   Data           1  esp8266.o(.data)
    bvalue                                   0x10000122   Data           1  esp8266.o(.data)
    __stdout                                 0x10000174   Data           4  stdout.o(.data)
    __microlib_freelist                      0x10000178   Data           4  mvars.o(.data)
    __microlib_freelist_initialised          0x1000017c   Data           4  mvars.o(.data)
    RxBuffer                                 0x10000184   Data          50  serial.o(.bss)
    SIM_Buf                                  0x100001b6   Data         512  sim900a.o(.bss)
    blueteeth_buf                            0x100003b6   Data         512  bluetooth.o(.bss)
    xQueueRegistry                           0x100005b8   Data          64  queue.o(.bss)
    esp8266_buf                              0x100006e8   Data         256  esp8266.o(.bss)
    __heap_base                              0x100007f8   Data           0  startup_stm32f40_41xxx.o(HEAP)
    __heap_limit                             0x100009f8   Data           0  startup_stm32f40_41xxx.o(HEAP)
    __initial_sp                             0x10000df8   Data           0  startup_stm32f40_41xxx.o(STACK)



==============================================================================

Memory Map of the image

  Image Entry point : 0x08000189

  Load Region LR_IROM1 (Base: 0x08000000, Size: 0x00010b5c, Max: 0x00100000, ABSOLUTE, COMPRESSED[0x00010a14])

    Execution Region ER_IROM1 (Exec base: 0x08000000, Load base: 0x08000000, Size: 0x000109d8, Max: 0x00100000, ABSOLUTE)

    Exec Addr    Load Addr    Size         Type   Attr      Idx    E Section Name        Object

    0x08000000   0x08000000   0x00000188   Data   RO            3    RESET               startup_stm32f40_41xxx.o
    0x08000188   0x08000188   0x00000000   Code   RO         5817  * .ARM.Collect$$$$00000000  mc_w.l(entry.o)
    0x08000188   0x08000188   0x00000004   Code   RO         6210    .ARM.Collect$$$$00000001  mc_w.l(entry2.o)
    0x0800018c   0x0800018c   0x00000004   Code   RO         6213    .ARM.Collect$$$$00000004  mc_w.l(entry5.o)
    0x08000190   0x08000190   0x00000000   Code   RO         6215    .ARM.Collect$$$$00000008  mc_w.l(entry7b.o)
    0x08000190   0x08000190   0x00000000   Code   RO         6217    .ARM.Collect$$$$0000000A  mc_w.l(entry8b.o)
    0x08000190   0x08000190   0x00000008   Code   RO         6218    .ARM.Collect$$$$0000000B  mc_w.l(entry9a.o)
    0x08000198   0x08000198   0x00000004   Code   RO         6225    .ARM.Collect$$$$0000000E  mc_w.l(entry12b.o)
    0x0800019c   0x0800019c   0x00000000   Code   RO         6220    .ARM.Collect$$$$0000000F  mc_w.l(entry10a.o)
    0x0800019c   0x0800019c   0x00000000   Code   RO         6222    .ARM.Collect$$$$00000011  mc_w.l(entry11a.o)
    0x0800019c   0x0800019c   0x00000004   Code   RO         6211    .ARM.Collect$$$$00002712  mc_w.l(entry2.o)
    0x080001a0   0x080001a0   0x000000b6   Code   RO         3932    .emb_text           port.o
    0x08000256   0x08000256   0x00000002   PAD
    0x08000258   0x08000258   0x00000024   Code   RO            4    .text               startup_stm32f40_41xxx.o
    0x0800027c   0x0800027c   0x00000062   Code   RO         5820    .text               mc_w.l(ldiv.o)
    0x080002de   0x080002de   0x0000000c   Code   RO         5822    .text               mc_w.l(tolower.o)
    0x080002ea   0x080002ea   0x00000024   Code   RO         5824    .text               mc_w.l(memcpya.o)
    0x0800030e   0x0800030e   0x00000024   Code   RO         5826    .text               mc_w.l(memseta.o)
    0x08000332   0x08000332   0x00000024   Code   RO         5828    .text               mc_w.l(strstr.o)
    0x08000356   0x08000356   0x00000018   Code   RO         5830    .text               mc_w.l(strncpy.o)
    0x0800036e   0x0800036e   0x0000000e   Code   RO         5832    .text               mc_w.l(strlen.o)
    0x0800037c   0x0800037c   0x0000001c   Code   RO         5834    .text               mc_w.l(strcmp.o)
    0x08000398   0x08000398   0x0000001a   Code   RO         5836    .text               mc_w.l(memcmp.o)
    0x080003b2   0x080003b2   0x0000001e   Code   RO         5840    .text               mc_w.l(strncmp.o)
    0x080003d0   0x080003d0   0x00000044   Code   RO         5842    .text               mc_w.l(strtok.o)
    0x08000414   0x08000414   0x00000360   Code   RO         6141    .text               mc_w.l(scanf_fp.o)
    0x08000774   0x08000774   0x0000001a   Code   RO         6145    .text               mc_w.l(atoi.o)
    0x0800078e   0x0800078e   0x0000014e   Code   RO         6147    .text               mf_w.l(dadd.o)
    0x080008dc   0x080008dc   0x000000e4   Code   RO         6149    .text               mf_w.l(dmul.o)
    0x080009c0   0x080009c0   0x000000de   Code   RO         6151    .text               mf_w.l(ddiv.o)
    0x08000a9e   0x08000a9e   0x0000003e   Code   RO         6155    .text               mf_w.l(dfixi.o)
    0x08000adc   0x08000adc   0x00000026   Code   RO         6157    .text               mf_w.l(f2d.o)
    0x08000b02   0x08000b02   0x00000002   PAD
    0x08000b04   0x08000b04   0x00000030   Code   RO         6159    .text               mf_w.l(cdcmple.o)
    0x08000b34   0x08000b34   0x00000030   Code   RO         6161    .text               mf_w.l(cdrcmple.o)
    0x08000b64   0x08000b64   0x00000038   Code   RO         6163    .text               mf_w.l(d2f.o)
    0x08000b9c   0x08000b9c   0x0000002c   Code   RO         6227    .text               mc_w.l(uidiv.o)
    0x08000bc8   0x08000bc8   0x00000062   Code   RO         6229    .text               mc_w.l(uldiv.o)
    0x08000c2a   0x08000c2a   0x0000001e   Code   RO         6231    .text               mc_w.l(llshl.o)
    0x08000c48   0x08000c48   0x00000020   Code   RO         6233    .text               mc_w.l(llushr.o)
    0x08000c68   0x08000c68   0x00000024   Code   RO         6235    .text               mc_w.l(llsshr.o)
    0x08000c8c   0x08000c8c   0x00000040   Code   RO         6248    .text               mc_w.l(_sgetc.o)
    0x08000ccc   0x08000ccc   0x0000009c   Code   RO         6250    .text               mc_w.l(strtod.o)
    0x08000d68   0x08000d68   0x00000070   Code   RO         6252    .text               mc_w.l(strtol.o)
    0x08000dd8   0x08000dd8   0x00000000   Code   RO         6254    .text               mc_w.l(iusefp.o)
    0x08000dd8   0x08000dd8   0x0000006e   Code   RO         6255    .text               mf_w.l(fepilogue.o)
    0x08000e46   0x08000e46   0x000000ba   Code   RO         6257    .text               mf_w.l(depilogue.o)
    0x08000f00   0x08000f00   0x00000018   Code   RO         6261    .text               mf_w.l(dfltul.o)
    0x08000f18   0x08000f18   0x00000030   Code   RO         6263    .text               mf_w.l(dfixul.o)
    0x08000f48   0x08000f48   0x00000024   Code   RO         6265    .text               mc_w.l(init.o)
    0x08000f6c   0x08000f6c   0x00000008   Code   RO         6269    .text               mc_w.l(ctype_o.o)
    0x08000f74   0x08000f74   0x00000012   Code   RO         6291    .text               mc_w.l(isspace_o.o)
    0x08000f86   0x08000f86   0x0000009e   Code   RO         6299    .text               mc_w.l(_strtoul.o)
    0x08001024   0x08001024   0x000000a2   Code   RO         6301    .text               mf_w.l(dsqrt.o)
    0x080010c6   0x080010c6   0x0000001c   Code   RO         6306    .text               mc_w.l(_chval.o)
    0x080010e2   0x080010e2   0x00000056   Code   RO         6316    .text               mc_w.l(__dczerorl2.o)
    0x08001138   0x08001138   0x00000016   Code   RO         1943    i.ADC_Cmd           stm32f4xx_adc.o
    0x0800114e   0x0800114e   0x00000002   PAD
    0x08001150   0x08001150   0x00000030   Code   RO         1944    i.ADC_CommonInit    stm32f4xx_adc.o
    0x08001180   0x08001180   0x00000008   Code   RO         1955    i.ADC_GetConversionValue  stm32f4xx_adc.o
    0x08001188   0x08001188   0x00000012   Code   RO         1956    i.ADC_GetFlagStatus  stm32f4xx_adc.o
    0x0800119a   0x0800119a   0x00000002   PAD
    0x0800119c   0x0800119c   0x00000054   Code   RO         1963    i.ADC_Init          stm32f4xx_adc.o
    0x080011f0   0x080011f0   0x000000b8   Code   RO         1968    i.ADC_RegularChannelConfig  stm32f4xx_adc.o
    0x080012a8   0x080012a8   0x0000000a   Code   RO         1970    i.ADC_SoftwareStartConv  stm32f4xx_adc.o
    0x080012b2   0x080012b2   0x00000002   PAD
    0x080012b4   0x080012b4   0x00000030   Code   RO         2358    i.AD_GetValue       mqadc.o
    0x080012e4   0x080012e4   0x00000044   Code   RO         2908    i.AlarmControl      main.o
    0x08001328   0x08001328   0x00000028   Code   RO         2909    i.BedlampControl    main.o
    0x08001350   0x08001350   0x00000040   Code   RO         2531    i.Beep_Init         beep.o
    0x08001390   0x08001390   0x00000014   Code   RO         2532    i.Beep_Off          beep.o
    0x080013a4   0x080013a4   0x00000168   Code   RO         2910    i.BlueTeeth         main.o
    0x0800150c   0x0800150c   0x000000b0   Code   RO         2566    i.BlueTooth_Init    bluetooth.o
    0x080015bc   0x080015bc   0x0000001c   Code   RO         2569    i.Blueteeth_Clear   bluetooth.o
    0x080015d8   0x080015d8   0x00000040   Code   RO         2570    i.Blueteeth_WaitRecive  bluetooth.o
    0x08001618   0x08001618   0x000000a8   Code   RO         2911    i.BodyReaction      main.o
    0x080016c0   0x080016c0   0x00000090   Code   RO         2912    i.DHT11             main.o
    0x08001750   0x08001750   0x00000040   Code   RO         2287    i.DHT11_Init        dht11.o
    0x08001790   0x08001790   0x0000005c   Code   RO         2288    i.DHT11_IsAck       dht11.o
    0x080017ec   0x080017ec   0x00000060   Code   RO         2289    i.DHT11_ReadBit     dht11.o
    0x0800184c   0x0800184c   0x00000020   Code   RO         2290    i.DHT11_ReadByte    dht11.o
    0x0800186c   0x0800186c   0x00000042   Code   RO         2291    i.DHT11_ReadData    dht11.o
    0x080018ae   0x080018ae   0x00000002   PAD
    0x080018b0   0x080018b0   0x0000002c   Code   RO         2292    i.DHT11_SendStart   dht11.o
    0x080018dc   0x080018dc   0x00000028   Code   RO         2293    i.DHT11_SetInputMode  dht11.o
    0x08001904   0x08001904   0x00000040   Code   RO         2294    i.DHT11_SetOutputMode  dht11.o
    0x08001944   0x08001944   0x00000044   Code   RO         2800    i.Delay_Init        delay.o
    0x08001988   0x08001988   0x00000040   Code   RO         2801    i.Delay_ms          delay.o
    0x080019c8   0x080019c8   0x00000064   Code   RO         2802    i.Delay_us          delay.o
    0x08001a2c   0x08001a2c   0x0000001c   Code   RO         4011    i.ESP8266_Clear     esp8266.o
    0x08001a48   0x08001a48   0x000000e4   Code   RO         4012    i.ESP8266_Init      esp8266.o
    0x08001b2c   0x08001b2c   0x000003bc   Code   RO         4013    i.ESP8266_Network   esp8266.o
    0x08001ee8   0x08001ee8   0x00000040   Code   RO         4014    i.ESP8266_SendCmd   esp8266.o
    0x08001f28   0x08001f28   0x00000040   Code   RO         4015    i.ESP8266_WaitRecive  esp8266.o
    0x08001f68   0x08001f68   0x0000002c   Code   RO         2725    i.EXTI3_IRQHandler  key.o
    0x08001f94   0x08001f94   0x00000030   Code   RO         2726    i.EXTI9_5_IRQHandler  key.o
    0x08001fc4   0x08001fc4   0x0000000c   Code   RO          594    i.EXTI_ClearITPendingBit  stm32f4xx_exti.o
    0x08001fd0   0x08001fd0   0x00000018   Code   RO          598    i.EXTI_GetITStatus  stm32f4xx_exti.o
    0x08001fe8   0x08001fe8   0x00000094   Code   RO          599    i.EXTI_Init         stm32f4xx_exti.o
    0x0800207c   0x0800207c   0x00000064   Code   RO         2913    i.Esp_DataMana      main.o
    0x080020e0   0x080020e0   0x000000a8   Code   RO         2914    i.Fire              main.o
    0x08002188   0x08002188   0x00000028   Code   RO         2632    i.Fire_Init         fire.o
    0x080021b0   0x080021b0   0x00000090   Code   RO          162    i.GPIO_Init         stm32f4xx_gpio.o
    0x08002240   0x08002240   0x00000046   Code   RO          163    i.GPIO_PinAFConfig  stm32f4xx_gpio.o
    0x08002286   0x08002286   0x00000012   Code   RO          166    i.GPIO_ReadInputDataBit  stm32f4xx_gpio.o
    0x08002298   0x08002298   0x00000004   Code   RO          169    i.GPIO_ResetBits    stm32f4xx_gpio.o
    0x0800229c   0x0800229c   0x00000004   Code   RO          170    i.GPIO_SetBits      stm32f4xx_gpio.o
    0x080022a0   0x080022a0   0x00000008   Code   RO          172    i.GPIO_ToggleBits   stm32f4xx_gpio.o
    0x080022a8   0x080022a8   0x0000000a   Code   RO          174    i.GPIO_WriteBit     stm32f4xx_gpio.o
    0x080022b2   0x080022b2   0x00000002   PAD
    0x080022b4   0x080022b4   0x00000028   Code   RO         2661    i.HCSR312_Init      hcsr312.o
    0x080022dc   0x080022dc   0x00000024   Code   RO         4962    i.IIC_SetSDAInput   oled.o
    0x08002300   0x08002300   0x00000034   Code   RO         4963    i.IIC_SetSDAOutput  oled.o
    0x08002334   0x08002334   0x00000018   Code   RO         2662    i.IsBodySensing     hcsr312.o
    0x0800234c   0x0800234c   0x00000018   Code   RO         2633    i.IsFireSensing     fire.o
    0x08002364   0x08002364   0x000000b4   Code   RO         2727    i.Key_Init          key.o
    0x08002418   0x08002418   0x0000003a   Code   RO         4906    i.LCD_Address_Set   lcd_init.o
    0x08002452   0x08002452   0x0000001c   Code   RO         4792    i.LCD_DrawPoint     lcd.o
    0x0800246e   0x0800246e   0x0000004a   Code   RO         4794    i.LCD_Fill          lcd.o
    0x080024b8   0x080024b8   0x000000d0   Code   RO         4907    i.LCD_GPIO_Init     lcd_init.o
    0x08002588   0x08002588   0x00000228   Code   RO         4908    i.LCD_Init          lcd_init.o
    0x080027b0   0x080027b0   0x00000158   Code   RO         4795    i.LCD_ShowChar      lcd.o
    0x08002908   0x08002908   0x00000096   Code   RO         4802    i.LCD_ShowIntNum    lcd.o
    0x0800299e   0x0800299e   0x00000042   Code   RO         4804    i.LCD_ShowString    lcd.o
    0x080029e0   0x080029e0   0x00000012   Code   RO         4909    i.LCD_WR_DATA       lcd_init.o
    0x080029f2   0x080029f2   0x0000000c   Code   RO         4910    i.LCD_WR_DATA8      lcd_init.o
    0x080029fe   0x080029fe   0x00000002   PAD
    0x08002a00   0x08002a00   0x00000020   Code   RO         4911    i.LCD_WR_REG        lcd_init.o
    0x08002a20   0x08002a20   0x0000005c   Code   RO         4912    i.LCD_Writ_Bus      lcd_init.o
    0x08002a7c   0x08002a7c   0x0000006c   Code   RO         2240    i.LED_Init          led.o
    0x08002ae8   0x08002ae8   0x0000014c   Code   RO         2915    i.MP3               main.o
    0x08002c34   0x08002c34   0x0000009c   Code   RO         2387    i.MP3_Init          mp3.o
    0x08002cd0   0x08002cd0   0x00000020   Code   RO         2388    i.MP3_SendByte      mp3.o
    0x08002cf0   0x08002cf0   0x000001fc   Code   RO         2916    i.MPU6050           main.o
    0x08002eec   0x08002eec   0x0000007a   Code   RO         5630    i.MPU_Init          mpu6050.o
    0x08002f66   0x08002f66   0x00000002   PAD
    0x08002f68   0x08002f68   0x00000054   Code   RO         5713    i.MPU_IsSlaveACK    iic.o
    0x08002fbc   0x08002fbc   0x00000078   Code   RO         5714    i.MPU_Pin_Init      iic.o
    0x08003034   0x08003034   0x00000060   Code   RO         5715    i.MPU_ReadByte      iic.o
    0x08003094   0x08003094   0x0000003e   Code   RO         5631    i.MPU_Read_Byte     mpu6050.o
    0x080030d2   0x080030d2   0x0000007c   Code   RO         5632    i.MPU_Read_Len      mpu6050.o
    0x0800314e   0x0800314e   0x00000002   PAD
    0x08003150   0x08003150   0x00000054   Code   RO         5716    i.MPU_SendACK       iic.o
    0x080031a4   0x080031a4   0x00000078   Code   RO         5717    i.MPU_SendByte      iic.o
    0x0800321c   0x0800321c   0x00000024   Code   RO         5718    i.MPU_SetSDAInput   iic.o
    0x08003240   0x08003240   0x00000034   Code   RO         5719    i.MPU_SetSDAOutput  iic.o
    0x08003274   0x08003274   0x00000010   Code   RO         5633    i.MPU_Set_Accel_Fsr  mpu6050.o
    0x08003284   0x08003284   0x00000010   Code   RO         5634    i.MPU_Set_Gyro_Fsr  mpu6050.o
    0x08003294   0x08003294   0x0000003a   Code   RO         5635    i.MPU_Set_LPF       mpu6050.o
    0x080032ce   0x080032ce   0x0000003a   Code   RO         5636    i.MPU_Set_Rate      mpu6050.o
    0x08003308   0x08003308   0x0000004c   Code   RO         5720    i.MPU_Start         iic.o
    0x08003354   0x08003354   0x0000004c   Code   RO         5721    i.MPU_Stop          iic.o
    0x080033a0   0x080033a0   0x00000044   Code   RO         5637    i.MPU_Write_Byte    mpu6050.o
    0x080033e4   0x080033e4   0x00000060   Code   RO         5638    i.MPU_Write_Len     mpu6050.o
    0x08003444   0x08003444   0x00000088   Code   RO         2917    i.MQADC             main.o
    0x080034cc   0x080034cc   0x00000074   Code   RO         2359    i.MQ_Init           mqadc.o
    0x08003540   0x08003540   0x00000078   Code   RO           12    i.NVIC_Init         misc.o
    0x080035b8   0x080035b8   0x00000014   Code   RO           13    i.NVIC_PriorityGroupConfig  misc.o
    0x080035cc   0x080035cc   0x0000002a   Code   RO         4964    i.OLED_Clear        oled.o
    0x080035f6   0x080035f6   0x00000002   PAD
    0x080035f8   0x080035f8   0x00000074   Code   RO         4965    i.OLED_I2C_Init     oled.o
    0x0800366c   0x0800366c   0x00000078   Code   RO         4966    i.OLED_I2C_SendByte  oled.o
    0x080036e4   0x080036e4   0x0000004c   Code   RO         4967    i.OLED_I2C_Start    oled.o
    0x08003730   0x08003730   0x0000004c   Code   RO         4968    i.OLED_I2C_Stop     oled.o
    0x0800377c   0x0800377c   0x00000058   Code   RO         4969    i.OLED_IIC_Wait_Ack  oled.o
    0x080037d4   0x080037d4   0x0000009c   Code   RO         4970    i.OLED_Init         oled.o
    0x08003870   0x08003870   0x00000014   Code   RO         4971    i.OLED_Pow          oled.o
    0x08003884   0x08003884   0x00000022   Code   RO         4972    i.OLED_SetCursor    oled.o
    0x080038a6   0x080038a6   0x00000002   PAD
    0x080038a8   0x080038a8   0x00000074   Code   RO         4974    i.OLED_ShowChar     oled.o
    0x0800391c   0x0800391c   0x00000044   Code   RO         4977    i.OLED_ShowNum      oled.o
    0x08003960   0x08003960   0x00000066   Code   RO         4978    i.OLED_ShowSignedNum  oled.o
    0x080039c6   0x080039c6   0x00000028   Code   RO         4979    i.OLED_ShowString   oled.o
    0x080039ee   0x080039ee   0x0000002c   Code   RO         4980    i.OLED_WriteCommand  oled.o
    0x08003a1a   0x08003a1a   0x0000002c   Code   RO         4981    i.OLED_WriteData    oled.o
    0x08003a46   0x08003a46   0x00000002   PAD
    0x08003a48   0x08003a48   0x0000000c   Code   RO         1815    i.PWR_BackupAccessCmd  stm32f4xx_pwr.o
    0x08003a54   0x08003a54   0x00000074   Code   RO         4017    i.PubTopicToMP      esp8266.o
    0x08003ac8   0x08003ac8   0x00000020   Code   RO          259    i.RCC_AHB1PeriphClockCmd  stm32f4xx_rcc.o
    0x08003ae8   0x08003ae8   0x00000020   Code   RO          268    i.RCC_APB1PeriphClockCmd  stm32f4xx_rcc.o
    0x08003b08   0x08003b08   0x00000020   Code   RO          271    i.RCC_APB2PeriphClockCmd  stm32f4xx_rcc.o
    0x08003b28   0x08003b28   0x000000e8   Code   RO          280    i.RCC_GetClocksFreq  stm32f4xx_rcc.o
    0x08003c10   0x08003c10   0x00000040   Code   RO          281    i.RCC_GetFlagStatus  stm32f4xx_rcc.o
    0x08003c50   0x08003c50   0x0000002c   Code   RO          289    i.RCC_LSEConfig     stm32f4xx_rcc.o
    0x08003c7c   0x08003c7c   0x0000000c   Code   RO          303    i.RCC_RTCCLKCmd     stm32f4xx_rcc.o
    0x08003c88   0x08003c88   0x0000003c   Code   RO          304    i.RCC_RTCCLKConfig  stm32f4xx_rcc.o
    0x08003cc4   0x08003cc4   0x00000010   Code   RO         2241    i.RLED_Off          led.o
    0x08003cd4   0x08003cd4   0x00000016   Code   RO         1464    i.RTC_Bcd2ToByte    stm32f4xx_rtc.o
    0x08003cea   0x08003cea   0x0000001c   Code   RO         1466    i.RTC_ByteToBcd2    stm32f4xx_rtc.o
    0x08003d06   0x08003d06   0x00000002   PAD
    0x08003d08   0x08003d08   0x00000020   Code   RO         1470    i.RTC_ClearITPendingBit  stm32f4xx_rtc.o
    0x08003d28   0x08003d28   0x000000ea   Code   RO         2687    i.RTC_Config        rtc.o
    0x08003e12   0x08003e12   0x00000002   PAD
    0x08003e14   0x08003e14   0x00000050   Code   RO         1476    i.RTC_EnterInitMode  stm32f4xx_rtc.o
    0x08003e64   0x08003e64   0x00000014   Code   RO         1477    i.RTC_ExitInitMode  stm32f4xx_rtc.o
    0x08003e78   0x08003e78   0x00000040   Code   RO         1482    i.RTC_GetITStatus   stm32f4xx_rtc.o
    0x08003eb8   0x08003eb8   0x00000050   Code   RO         1485    i.RTC_GetTime       stm32f4xx_rtc.o
    0x08003f08   0x08003f08   0x00000064   Code   RO         1489    i.RTC_ITConfig      stm32f4xx_rtc.o
    0x08003f6c   0x08003f6c   0x00000064   Code   RO         1490    i.RTC_Init          stm32f4xx_rtc.o
    0x08003fd0   0x08003fd0   0x000000c8   Code   RO         1496    i.RTC_SetDate       stm32f4xx_rtc.o
    0x08004098   0x08004098   0x000000d0   Code   RO         1497    i.RTC_SetTime       stm32f4xx_rtc.o
    0x08004168   0x08004168   0x0000001c   Code   RO         1498    i.RTC_SetWakeUpCounter  stm32f4xx_rtc.o
    0x08004184   0x08004184   0x00000028   Code   RO         2688    i.RTC_WKUP_IRQHandler  rtc.o
    0x080041ac   0x080041ac   0x00000060   Code   RO         1513    i.RTC_WaitForSynchro  stm32f4xx_rtc.o
    0x0800420c   0x0800420c   0x00000030   Code   RO         1514    i.RTC_WakeUpClockConfig  stm32f4xx_rtc.o
    0x0800423c   0x0800423c   0x00000078   Code   RO         1515    i.RTC_WakeUpCmd     stm32f4xx_rtc.o
    0x080042b4   0x080042b4   0x0000029c   Code   RO         2918    i.SIM900A           main.o
    0x08004550   0x08004550   0x0000001c   Code   RO         2446    i.SIM900A_Clear     sim900a.o
    0x0800456c   0x0800456c   0x00000040   Code   RO         2447    i.SIM900A_SendCmd   sim900a.o
    0x080045ac   0x080045ac   0x00000034   Code   RO         2448    i.SIM900A_WaitRecive  sim900a.o
    0x080045e0   0x080045e0   0x000000b0   Code   RO         2449    i.SIM_Init          sim900a.o
    0x08004690   0x08004690   0x00000020   Code   RO         2450    i.SIM_SendByte      sim900a.o
    0x080046b0   0x080046b0   0x00000016   Code   RO         2451    i.SIM_SendString    sim900a.o
    0x080046c6   0x080046c6   0x00000002   PAD
    0x080046c8   0x080046c8   0x00000040   Code   RO          658    i.SYSCFG_EXTILineConfig  stm32f4xx_syscfg.o
    0x08004708   0x08004708   0x0000021c   Code   RO         2919    i.ScreenDisplay     main.o
    0x08004924   0x08004924   0x000000d4   Code   RO         2452    i.Send_ChineseMessages  sim900a.o
    0x080049f8   0x080049f8   0x000000b0   Code   RO         2179    i.Serial_Init       serial.o
    0x08004aa8   0x08004aa8   0x000000ec   Code   RO         2763    i.SetSysClock       system_stm32f4xx.o
    0x08004b94   0x08004b94   0x00000168   Code   RO         2689    i.SetTimeDate       rtc.o
    0x08004cfc   0x08004cfc   0x00000030   Code   RO         2391    i.Start_ZhiDing     mp3.o
    0x08004d2c   0x08004d2c   0x00000064   Code   RO         4018    i.SubTopic          esp8266.o
    0x08004d90   0x08004d90   0x00000028   Code   RO           16    i.SysTick_CLKSourceConfig  misc.o
    0x08004db8   0x08004db8   0x00000034   Code   RO         3933    i.SysTick_Handler   port.o
    0x08004dec   0x08004dec   0x00000068   Code   RO         2765    i.SystemInit        system_stm32f4xx.o
    0x08004e54   0x08004e54   0x00000050   Code   RO         2454    i.UART4_IRQHandler  sim900a.o
    0x08004ea4   0x08004ea4   0x00000040   Code   RO         2182    i.USART1_IRQHandler  serial.o
    0x08004ee4   0x08004ee4   0x00000050   Code   RO         4019    i.USART2_IRQHandler  esp8266.o
    0x08004f34   0x08004f34   0x00000020   Code   RO         4020    i.USART2_SendByte   esp8266.o
    0x08004f54   0x08004f54   0x00000016   Code   RO         4021    i.USART2_SendString  esp8266.o
    0x08004f6a   0x08004f6a   0x00000002   PAD
    0x08004f6c   0x08004f6c   0x00000050   Code   RO         2571    i.USART3_IRQHandler  bluetooth.o
    0x08004fbc   0x08004fbc   0x0000001e   Code   RO         1274    i.USART_ClearITPendingBit  stm32f4xx_usart.o
    0x08004fda   0x08004fda   0x00000018   Code   RO         1277    i.USART_Cmd         stm32f4xx_usart.o
    0x08004ff2   0x08004ff2   0x0000001a   Code   RO         1280    i.USART_GetFlagStatus  stm32f4xx_usart.o
    0x0800500c   0x0800500c   0x00000054   Code   RO         1281    i.USART_GetITStatus  stm32f4xx_usart.o
    0x08005060   0x08005060   0x0000004a   Code   RO         1283    i.USART_ITConfig    stm32f4xx_usart.o
    0x080050aa   0x080050aa   0x00000002   PAD
    0x080050ac   0x080050ac   0x000000d4   Code   RO         1284    i.USART_Init        stm32f4xx_usart.o
    0x08005180   0x08005180   0x0000000a   Code   RO         1291    i.USART_ReceiveData  stm32f4xx_usart.o
    0x0800518a   0x0800518a   0x00000008   Code   RO         1294    i.USART_SendData    stm32f4xx_usart.o
    0x08005192   0x08005192   0x00000002   PAD
    0x08005194   0x08005194   0x00000024   Code   RO         2392    i.VolumeDown        mp3.o
    0x080051b8   0x080051b8   0x00000024   Code   RO         2393    i.VolumeUp          mp3.o
    0x080051dc   0x080051dc   0x00000010   Code   RO         2243    i.WLED_Off          led.o
    0x080051ec   0x080051ec   0x00000010   Code   RO         2244    i.WLED_On           led.o
    0x080051fc   0x080051fc   0x00000020   Code   RO         6083    i.__0printf         mc_w.l(printfa.o)
    0x0800521c   0x0800521c   0x00000028   Code   RO         6085    i.__0sprintf        mc_w.l(printfa.o)
    0x08005244   0x08005244   0x00000030   Code   RO         6193    i.__ARM_fpclassify  m_wm.l(fpclassify.o)
    0x08005274   0x08005274   0x00000008   Code   RO         6239    i.__aeabi_errno_addr  mc_w.l(errno.o)
    0x0800527c   0x0800527c   0x0000005c   Code   RO         6115    i.__free$realloc    mc_w.l(mallocr.o)
    0x080052d8   0x080052d8   0x00000360   Code   RO         5779    i.__hardfp_asin     m_wm.l(asin.o)
    0x08005638   0x08005638   0x000002d8   Code   RO         6165    i.__hardfp_atan     m_wm.l(atan.o)
    0x08005910   0x08005910   0x00000200   Code   RO         5793    i.__hardfp_atan2    m_wm.l(atan2.o)
    0x08005b10   0x08005b10   0x00000028   Code   RO         5811    i.__hardfp_strtod   m_wm.l(strtod.o)
    0x08005b38   0x08005b38   0x000000f8   Code   RO         6195    i.__kernel_poly     m_wm.l(poly.o)
    0x08005c30   0x08005c30   0x00000050   Code   RO         6116    i.__malloc$realloc  mc_w.l(mallocr.o)
    0x08005c80   0x08005c80   0x00000014   Code   RO         6180    i.__mathlib_dbl_infnan  m_wm.l(dunder.o)
    0x08005c94   0x08005c94   0x00000014   Code   RO         6181    i.__mathlib_dbl_infnan2  m_wm.l(dunder.o)
    0x08005ca8   0x08005ca8   0x00000020   Code   RO         6182    i.__mathlib_dbl_invalid  m_wm.l(dunder.o)
    0x08005cc8   0x08005cc8   0x00000020   Code   RO         6185    i.__mathlib_dbl_underflow  m_wm.l(dunder.o)
    0x08005ce8   0x08005ce8   0x0000000e   Code   RO         6310    i.__scatterload_copy  mc_w.l(handlers.o)
    0x08005cf6   0x08005cf6   0x00000002   Code   RO         6311    i.__scatterload_null  mc_w.l(handlers.o)
    0x08005cf8   0x08005cf8   0x0000000e   Code   RO         6312    i.__scatterload_zeroinit  mc_w.l(handlers.o)
    0x08005d06   0x08005d06   0x00000002   PAD
    0x08005d08   0x08005d08   0x0000000c   Code   RO         6241    i.__set_errno       mc_w.l(errno.o)
    0x08005d14   0x08005d14   0x00000184   Code   RO         6090    i._fp_digits        mc_w.l(printfa.o)
    0x08005e98   0x08005e98   0x0000000e   Code   RO         6143    i._is_digit         mc_w.l(scanf_fp.o)
    0x08005ea6   0x08005ea6   0x00000002   PAD
    0x08005ea8   0x08005ea8   0x000006b4   Code   RO         6091    i._printf_core      mc_w.l(printfa.o)
    0x0800655c   0x0800655c   0x00000024   Code   RO         6092    i._printf_post_padding  mc_w.l(printfa.o)
    0x08006580   0x08006580   0x0000002e   Code   RO         6093    i._printf_pre_padding  mc_w.l(printfa.o)
    0x080065ae   0x080065ae   0x0000000a   Code   RO         6095    i._sputc            mc_w.l(printfa.o)
    0x080065b8   0x080065b8   0x000000c0   Code   RO         5106    i.accel_self_test   inv_mpu.o
    0x08006678   0x08006678   0x00000010   Code   RO         6167    i.atan              m_wm.l(atan.o)
    0x08006688   0x08006688   0x00000048   Code   RO         4117    i.buffer_skip_whitespace  cjson.o
    0x080066d0   0x080066d0   0x00000058   Code   RO         4149    i.cJSON_Delete      cjson.o
    0x08006728   0x08006728   0x00000010   Code   RO         4160    i.cJSON_GetErrorPtr  cjson.o
    0x08006738   0x08006738   0x00000012   Code   RO         4163    i.cJSON_GetObjectItemCaseSensitive  cjson.o
    0x0800674a   0x0800674a   0x00000016   Code   RO         4173    i.cJSON_IsNumber    cjson.o
    0x08006760   0x08006760   0x00000016   Code   RO         4176    i.cJSON_IsString    cjson.o
    0x08006776   0x08006776   0x0000001a   Code   RO         4179    i.cJSON_New_Item    cjson.o
    0x08006790   0x08006790   0x00000010   Code   RO         4180    i.cJSON_Parse       cjson.o
    0x080067a0   0x080067a0   0x000000d4   Code   RO         4182    i.cJSON_ParseWithLengthOpts  cjson.o
    0x08006874   0x08006874   0x00000028   Code   RO         4183    i.cJSON_ParseWithOpts  cjson.o
    0x0800689c   0x0800689c   0x00000048   Code   RO         4198    i.case_insensitive_strcmp  cjson.o
    0x080068e4   0x080068e4   0x00000128   Code   RO         4022    i.cjson_slice       esp8266.o
    0x08006a0c   0x08006a0c   0x00000064   Code   RO         5439    i.decode_gesture    inv_mpu_dmp_motion_driver.o
    0x08006a70   0x08006a70   0x0000003c   Code   RO         5440    i.dmp_enable_6x_lp_quat  inv_mpu_dmp_motion_driver.o
    0x08006aac   0x08006aac   0x0000021c   Code   RO         5441    i.dmp_enable_feature  inv_mpu_dmp_motion_driver.o
    0x08006cc8   0x08006cc8   0x00000058   Code   RO         5442    i.dmp_enable_gyro_cal  inv_mpu_dmp_motion_driver.o
    0x08006d20   0x08006d20   0x0000003c   Code   RO         5443    i.dmp_enable_lp_quat  inv_mpu_dmp_motion_driver.o
    0x08006d5c   0x08006d5c   0x00000018   Code   RO         5448    i.dmp_load_motion_driver_firmware  inv_mpu_dmp_motion_driver.o
    0x08006d74   0x08006d74   0x000001cc   Code   RO         5449    i.dmp_read_fifo     inv_mpu_dmp_motion_driver.o
    0x08006f40   0x08006f40   0x00000130   Code   RO         5452    i.dmp_set_accel_bias  inv_mpu_dmp_motion_driver.o
    0x08007070   0x08007070   0x00000070   Code   RO         5453    i.dmp_set_fifo_rate  inv_mpu_dmp_motion_driver.o
    0x080070e0   0x080070e0   0x00000130   Code   RO         5454    i.dmp_set_gyro_bias  inv_mpu_dmp_motion_driver.o
    0x08007210   0x08007210   0x00000138   Code   RO         5456    i.dmp_set_orientation  inv_mpu_dmp_motion_driver.o
    0x08007348   0x08007348   0x00000038   Code   RO         5459    i.dmp_set_shake_reject_thresh  inv_mpu_dmp_motion_driver.o
    0x08007380   0x08007380   0x00000026   Code   RO         5460    i.dmp_set_shake_reject_time  inv_mpu_dmp_motion_driver.o
    0x080073a6   0x080073a6   0x00000026   Code   RO         5461    i.dmp_set_shake_reject_timeout  inv_mpu_dmp_motion_driver.o
    0x080073cc   0x080073cc   0x00000046   Code   RO         5462    i.dmp_set_tap_axes  inv_mpu_dmp_motion_driver.o
    0x08007412   0x08007412   0x00000026   Code   RO         5463    i.dmp_set_tap_count  inv_mpu_dmp_motion_driver.o
    0x08007438   0x08007438   0x000001c0   Code   RO         5464    i.dmp_set_tap_thresh  inv_mpu_dmp_motion_driver.o
    0x080075f8   0x080075f8   0x00000026   Code   RO         5465    i.dmp_set_tap_time  inv_mpu_dmp_motion_driver.o
    0x0800761e   0x0800761e   0x00000026   Code   RO         5466    i.dmp_set_tap_time_multi  inv_mpu_dmp_motion_driver.o
    0x08007644   0x08007644   0x00000018   Code   RO         5807    i.fabs              m_wm.l(fabs.o)
    0x0800765c   0x0800765c   0x00000024   Code   RO         2184    i.fputc             serial.o
    0x08007680   0x08007680   0x000000d0   Code   RO         5107    i.get_accel_prod_shift  inv_mpu.o
    0x08007750   0x08007750   0x00000004   Code   RO         4204    i.get_decimal_point  cjson.o
    0x08007754   0x08007754   0x00000094   Code   RO         4023    i.get_json          esp8266.o
    0x080077e8   0x080077e8   0x00000052   Code   RO         4205    i.get_object_item   cjson.o
    0x0800783a   0x0800783a   0x00000002   PAD
    0x0800783c   0x0800783c   0x0000046c   Code   RO         5108    i.get_st_biases     inv_mpu.o
    0x08007ca8   0x08007ca8   0x0000011c   Code   RO         5109    i.gyro_self_test    inv_mpu.o
    0x08007dc4   0x08007dc4   0x00000050   Code   RO         6117    i.internal_alloc    mc_w.l(mallocr.o)
    0x08007e14   0x08007e14   0x00000028   Code   RO         5110    i.inv_orientation_matrix_to_scalar  inv_mpu.o
    0x08007e3c   0x08007e3c   0x0000004e   Code   RO         5111    i.inv_row_2_scale   inv_mpu.o
    0x08007e8a   0x08007e8a   0x00000002   PAD
    0x08007e8c   0x08007e8c   0x000002a0   Code   RO         2920    i.main              main.o
    0x0800812c   0x0800812c   0x00000002   Code   RO         5112    i.mget_ms           inv_mpu.o
    0x0800812e   0x0800812e   0x00000002   PAD
    0x08008130   0x08008130   0x00000070   Code   RO         5113    i.mpu_configure_fifo  inv_mpu.o
    0x080081a0   0x080081a0   0x00000218   Code   RO         5114    i.mpu_dmp_get_data  inv_mpu.o
    0x080083b8   0x080083b8   0x0000009c   Code   RO         5115    i.mpu_dmp_init      inv_mpu.o
    0x08008454   0x08008454   0x0000004c   Code   RO         5116    i.mpu_get_accel_fsr  inv_mpu.o
    0x080084a0   0x080084a0   0x00000054   Code   RO         5118    i.mpu_get_accel_sens  inv_mpu.o
    0x080084f4   0x080084f4   0x00000010   Code   RO         5123    i.mpu_get_fifo_config  inv_mpu.o
    0x08008504   0x08008504   0x00000044   Code   RO         5124    i.mpu_get_gyro_fsr  inv_mpu.o
    0x08008548   0x08008548   0x00000060   Code   RO         5126    i.mpu_get_gyro_sens  inv_mpu.o
    0x080085a8   0x080085a8   0x00000050   Code   RO         5128    i.mpu_get_lpf       inv_mpu.o
    0x080085f8   0x080085f8   0x00000020   Code   RO         5130    i.mpu_get_sample_rate  inv_mpu.o
    0x08008618   0x08008618   0x000001f0   Code   RO         5132    i.mpu_init          inv_mpu.o
    0x08008808   0x08008808   0x000000b8   Code   RO         5133    i.mpu_load_firmware  inv_mpu.o
    0x080088c0   0x080088c0   0x000000e0   Code   RO         5134    i.mpu_lp_accel_mode  inv_mpu.o
    0x080089a0   0x080089a0   0x000000c0   Code   RO         5137    i.mpu_read_fifo_stream  inv_mpu.o
    0x08008a60   0x08008a60   0x00000080   Code   RO         5138    i.mpu_read_mem      inv_mpu.o
    0x08008ae0   0x08008ae0   0x000001c8   Code   RO         5141    i.mpu_reset_fifo    inv_mpu.o
    0x08008ca8   0x08008ca8   0x0000011c   Code   RO         5142    i.mpu_run_self_test  inv_mpu.o
    0x08008dc4   0x08008dc4   0x00000084   Code   RO         5144    i.mpu_set_accel_fsr  inv_mpu.o
    0x08008e48   0x08008e48   0x0000014c   Code   RO         5145    i.mpu_set_bypass    inv_mpu.o
    0x08008f94   0x08008f94   0x00000090   Code   RO         5147    i.mpu_set_dmp_state  inv_mpu.o
    0x08009024   0x08009024   0x00000088   Code   RO         5148    i.mpu_set_gyro_fsr  inv_mpu.o
    0x080090ac   0x080090ac   0x0000006c   Code   RO         5149    i.mpu_set_int_latched  inv_mpu.o
    0x08009118   0x08009118   0x00000084   Code   RO         5151    i.mpu_set_lpf       inv_mpu.o
    0x0800919c   0x0800919c   0x0000009c   Code   RO         5152    i.mpu_set_sample_rate  inv_mpu.o
    0x08009238   0x08009238   0x000000d0   Code   RO         5153    i.mpu_set_sensors   inv_mpu.o
    0x08009308   0x08009308   0x00000080   Code   RO         5154    i.mpu_write_mem     inv_mpu.o
    0x08009388   0x08009388   0x00000016   Code   RO         4805    i.mypow             lcd.o
    0x0800939e   0x0800939e   0x000000f8   Code   RO         4207    i.parse_array       cjson.o
    0x08009496   0x08009496   0x0000005a   Code   RO         4208    i.parse_hex4        cjson.o
    0x080094f0   0x080094f0   0x00000154   Code   RO         4209    i.parse_number      cjson.o
    0x08009644   0x08009644   0x0000013e   Code   RO         4210    i.parse_object      cjson.o
    0x08009782   0x08009782   0x0000018c   Code   RO         4211    i.parse_string      cjson.o
    0x0800990e   0x0800990e   0x00000002   PAD
    0x08009910   0x08009910   0x0000013c   Code   RO         4212    i.parse_value       cjson.o
    0x08009a4c   0x08009a4c   0x00000098   Code   RO         3339    i.prvAddCurrentTaskToDelayedList  tasks.o
    0x08009ae4   0x08009ae4   0x000000b8   Code   RO         3340    i.prvAddNewTaskToReadyList  tasks.o
    0x08009b9c   0x08009b9c   0x00000064   Code   RO         3679    i.prvCheckForValidListAndQueue  timers.o
    0x08009c00   0x08009c00   0x00000064   Code   RO         3341    i.prvCheckTasksWaitingTermination  tasks.o
    0x08009c64   0x08009c64   0x0000002a   Code   RO         3129    i.prvCopyDataFromQueue  queue.o
    0x08009c8e   0x08009c8e   0x0000007c   Code   RO         3130    i.prvCopyDataToQueue  queue.o
    0x08009d0a   0x08009d0a   0x00000012   Code   RO         3342    i.prvDeleteTCB      tasks.o
    0x08009d1c   0x08009d1c   0x00000028   Code   RO         3680    i.prvGetNextExpireTime  timers.o
    0x08009d44   0x08009d44   0x0000007c   Code   RO         3883    i.prvHeapInit       heap_4.o
    0x08009dc0   0x08009dc0   0x00000028   Code   RO         3343    i.prvIdleTask       tasks.o
    0x08009de8   0x08009de8   0x0000001c   Code   RO         3131    i.prvInitialiseMutex  queue.o
    0x08009e04   0x08009e04   0x0000002a   Code   RO         3132    i.prvInitialiseNewQueue  queue.o
    0x08009e2e   0x08009e2e   0x000000b4   Code   RO         3344    i.prvInitialiseNewTask  tasks.o
    0x08009ee2   0x08009ee2   0x00000002   PAD
    0x08009ee4   0x08009ee4   0x00000068   Code   RO         3345    i.prvInitialiseTaskLists  tasks.o
    0x08009f4c   0x08009f4c   0x00000068   Code   RO         3884    i.prvInsertBlockIntoFreeList  heap_4.o
    0x08009fb4   0x08009fb4   0x00000058   Code   RO         3682    i.prvInsertTimerInActiveList  timers.o
    0x0800a00c   0x0800a00c   0x0000001a   Code   RO         3133    i.prvIsQueueEmpty   queue.o
    0x0800a026   0x0800a026   0x0000001e   Code   RO         3134    i.prvIsQueueFull    queue.o
    0x0800a044   0x0800a044   0x00000064   Code   RO         3683    i.prvProcessExpiredTimer  timers.o
    0x0800a0a8   0x0800a0a8   0x000000f8   Code   RO         3684    i.prvProcessReceivedCommands  timers.o
    0x0800a1a0   0x0800a1a0   0x00000074   Code   RO         3685    i.prvProcessTimerOrBlockTask  timers.o
    0x0800a214   0x0800a214   0x00000034   Code   RO         3347    i.prvResetNextTaskUnblockTime  tasks.o
    0x0800a248   0x0800a248   0x0000002c   Code   RO         3686    i.prvSampleTimeNow  timers.o
    0x0800a274   0x0800a274   0x000000a0   Code   RO         3687    i.prvSwitchTimerLists  timers.o
    0x0800a314   0x0800a314   0x00000040   Code   RO         3934    i.prvTaskExitError  port.o
    0x0800a354   0x0800a354   0x0000001a   Code   RO         3688    i.prvTimerTask      timers.o
    0x0800a36e   0x0800a36e   0x0000007e   Code   RO         3135    i.prvUnlockQueue    queue.o
    0x0800a3ec   0x0800a3ec   0x0000013c   Code   RO         3885    i.pvPortMalloc      heap_4.o
    0x0800a528   0x0800a528   0x00000020   Code   RO         3350    i.pvTaskIncrementMutexHeldCount  tasks.o
    0x0800a548   0x0800a548   0x0000002c   Code   RO         3935    i.pxPortInitialiseStack  port.o
    0x0800a574   0x0800a574   0x0000006c   Code   RO         6118    i.realloc           mc_w.l(mallocr.o)
    0x0800a5e0   0x0800a5e0   0x0000009a   Code   RO         5155    i.run_self_test     inv_mpu.o
    0x0800a67a   0x0800a67a   0x00000002   PAD
    0x0800a67c   0x0800a67c   0x00000090   Code   RO         5156    i.set_int_enable    inv_mpu.o
    0x0800a70c   0x0800a70c   0x0000003c   Code   RO         4223    i.skip_utf8_bom     cjson.o
    0x0800a748   0x0800a748   0x00000028   Code   RO         2572    i.slice             bluetooth.o
    0x0800a770   0x0800a770   0x0000006e   Code   RO         6200    i.sqrt              m_wm.l(sqrt.o)
    0x0800a7de   0x0800a7de   0x0000012c   Code   RO         4226    i.utf16_literal_to_utf8  cjson.o
    0x0800a90a   0x0800a90a   0x00000028   Code   RO         3079    i.uxListRemove      list.o
    0x0800a932   0x0800a932   0x0000001a   Code   RO         3080    i.vListInitialise   list.o
    0x0800a94c   0x0800a94c   0x00000006   Code   RO         3081    i.vListInitialiseItem  list.o
    0x0800a952   0x0800a952   0x00000034   Code   RO         3082    i.vListInsert       list.o
    0x0800a986   0x0800a986   0x00000018   Code   RO         3083    i.vListInsertEnd    list.o
    0x0800a99e   0x0800a99e   0x00000002   PAD
    0x0800a9a0   0x0800a9a0   0x00000054   Code   RO         3937    i.vPortEnterCritical  port.o
    0x0800a9f4   0x0800a9f4   0x0000003c   Code   RO         3938    i.vPortExitCritical  port.o
    0x0800aa30   0x0800aa30   0x00000094   Code   RO         3886    i.vPortFree         heap_4.o
    0x0800aac4   0x0800aac4   0x00000020   Code   RO         3939    i.vPortSetupTimerInterrupt  port.o
    0x0800aae4   0x0800aae4   0x00000078   Code   RO         3940    i.vPortValidateInterruptPriority  port.o
    0x0800ab5c   0x0800ab5c   0x0000002c   Code   RO         3141    i.vQueueAddToRegistry  queue.o
    0x0800ab88   0x0800ab88   0x0000004a   Code   RO         3145    i.vQueueWaitForMessageRestricted  queue.o
    0x0800abd2   0x0800abd2   0x00000002   PAD
    0x0800abd4   0x0800abd4   0x0000005c   Code   RO         3358    i.vTaskDelay        tasks.o
    0x0800ac30   0x0800ac30   0x0000000c   Code   RO         3363    i.vTaskMissedYield  tasks.o
    0x0800ac3c   0x0800ac3c   0x00000038   Code   RO         3365    i.vTaskPlaceOnEventList  tasks.o
    0x0800ac74   0x0800ac74   0x00000040   Code   RO         3366    i.vTaskPlaceOnEventListRestricted  tasks.o
    0x0800acb4   0x0800acb4   0x000000b0   Code   RO         3368    i.vTaskPriorityInherit  tasks.o
    0x0800ad64   0x0800ad64   0x00000030   Code   RO         3372    i.vTaskSetTimeOutState  tasks.o
    0x0800ad94   0x0800ad94   0x00000094   Code   RO         3373    i.vTaskStartScheduler  tasks.o
    0x0800ae28   0x0800ae28   0x00000010   Code   RO         3375    i.vTaskSuspendAll   tasks.o
    0x0800ae38   0x0800ae38   0x0000008c   Code   RO         3376    i.vTaskSwitchContext  tasks.o
    0x0800aec4   0x0800aec4   0x0000013c   Code   RO         3941    i.xPortStartScheduler  port.o
    0x0800b000   0x0800b000   0x0000005c   Code   RO         3146    i.xQueueCreateCountingSemaphore  queue.o
    0x0800b05c   0x0800b05c   0x00000022   Code   RO         3147    i.xQueueCreateMutex  queue.o
    0x0800b07e   0x0800b07e   0x00000058   Code   RO         3148    i.xQueueGenericCreate  queue.o
    0x0800b0d6   0x0800b0d6   0x00000002   PAD
    0x0800b0d8   0x0800b0d8   0x000001c4   Code   RO         3149    i.xQueueGenericReceive  queue.o
    0x0800b29c   0x0800b29c   0x00000098   Code   RO         3150    i.xQueueGenericReset  queue.o
    0x0800b334   0x0800b334   0x000001a8   Code   RO         3151    i.xQueueGenericSend  queue.o
    0x0800b4dc   0x0800b4dc   0x000000f8   Code   RO         3152    i.xQueueGenericSendFromISR  queue.o
    0x0800b5d4   0x0800b5d4   0x0000008c   Code   RO         3377    i.xTaskCheckForTimeOut  tasks.o
    0x0800b660   0x0800b660   0x00000060   Code   RO         3378    i.xTaskCreate       tasks.o
    0x0800b6c0   0x0800b6c0   0x00000020   Code   RO         3382    i.xTaskGetSchedulerState  tasks.o
    0x0800b6e0   0x0800b6e0   0x0000000c   Code   RO         3383    i.xTaskGetTickCount  tasks.o
    0x0800b6ec   0x0800b6ec   0x00000148   Code   RO         3385    i.xTaskIncrementTick  tasks.o
    0x0800b834   0x0800b834   0x000000c8   Code   RO         3388    i.xTaskPriorityDisinherit  tasks.o
    0x0800b8fc   0x0800b8fc   0x00000098   Code   RO         3389    i.xTaskRemoveFromEventList  tasks.o
    0x0800b994   0x0800b994   0x00000104   Code   RO         3391    i.xTaskResumeAll    tasks.o
    0x0800ba98   0x0800ba98   0x00000058   Code   RO         3692    i.xTimerCreateTimerTask  timers.o
    0x0800baf0   0x0800baf0   0x00000084   Code   RO         3693    i.xTimerGenericCommand  timers.o
    0x0800bb74   0x0800bb74   0x0000391c   Data   RO         4806    .constdata          lcd.o
    0x0800f490   0x0800f490   0x000005f0   Data   RO         4982    .constdata          oled.o
    0x0800fa80   0x0800fa80   0x00000050   Data   RO         5158    .constdata          inv_mpu.o
    0x0800fad0   0x0800fad0   0x00000bf6   Data   RO         5468    .constdata          inv_mpu_dmp_motion_driver.o
    0x080106c6   0x080106c6   0x00000002   PAD
    0x080106c8   0x080106c8   0x00000050   Data   RO         5782    .constdata          m_wm.l(asin.o)
    0x08010718   0x08010718   0x00000098   Data   RO         6168    .constdata          m_wm.l(atan.o)
    0x080107b0   0x080107b0   0x00000008   Data   RO         6197    .constdata          m_wm.l(qnan.o)
    0x080107b8   0x080107b8   0x00000081   Data   RO         6270    .constdata          mc_w.l(ctype_o.o)
    0x08010839   0x08010839   0x00000003   PAD
    0x0801083c   0x0801083c   0x00000004   Data   RO         6271    .constdata          mc_w.l(ctype_o.o)
    0x08010840   0x08010840   0x00000116   Data   RO         4025    .conststring        esp8266.o
    0x08010956   0x08010956   0x00000002   PAD
    0x08010958   0x08010958   0x0000004d   Data   RO         5159    .conststring        inv_mpu.o
    0x080109a5   0x080109a5   0x00000003   PAD
    0x080109a8   0x080109a8   0x00000030   Data   RO         6308    Region$$Table       anon$$obj.o


    Execution Region RW_IRAM2 (Exec base: 0x10000000, Load base: 0x080109d8, Size: 0x00000df8, Max: 0x00010000, ABSOLUTE, COMPRESSED[0x0000003c])

    Exec Addr    Load Addr    Size         Type   Attr      Idx    E Section Name        Object

    0x10000000   COMPRESSED   0x00000010   Data   RW          312    .data               stm32f4xx_rcc.o
    0x10000010   COMPRESSED   0x00000001   Data   RW         2186    .data               serial.o
    0x10000011   COMPRESSED   0x00000001   PAD
    0x10000012   COMPRESSED   0x00000004   Data   RW         2456    .data               sim900a.o
    0x10000016   COMPRESSED   0x00000006   Data   RW         2574    .data               bluetooth.o
    0x1000001c   COMPRESSED   0x00000001   Data   RW         2690    .data               rtc.o
    0x1000001d   COMPRESSED   0x00000002   Data   RW         2728    .data               key.o
    0x1000001f   COMPRESSED   0x00000001   PAD
    0x10000020   COMPRESSED   0x00000014   Data   RW         2766    .data               system_stm32f4xx.o
    0x10000034   COMPRESSED   0x00000004   Data   RW         2807    .data               delay.o
    0x10000038   COMPRESSED   0x00000070   Data   RW         2921    .data               main.o
    0x100000a8   COMPRESSED   0x0000003c   Data   RW         3394    .data               tasks.o
    0x100000e4   COMPRESSED   0x00000014   Data   RW         3699    .data               timers.o
    0x100000f8   COMPRESSED   0x00000018   Data   RW         3891    .data               heap_4.o
    0x10000110   COMPRESSED   0x0000000c   Data   RW         3942    .data               port.o
    0x1000011c   COMPRESSED   0x00000007   Data   RW         4026    .data               esp8266.o
    0x10000123   COMPRESSED   0x00000001   PAD
    0x10000124   COMPRESSED   0x00000014   Data   RW         4228    .data               cjson.o
    0x10000138   COMPRESSED   0x00000035   Data   RW         5160    .data               inv_mpu.o
    0x1000016d   COMPRESSED   0x00000003   PAD
    0x10000170   COMPRESSED   0x00000004   Data   RW         5843    .data               mc_w.l(strtok.o)
    0x10000174   COMPRESSED   0x00000004   Data   RW         6226    .data               mc_w.l(stdout.o)
    0x10000178   COMPRESSED   0x00000004   Data   RW         6237    .data               mc_w.l(mvars.o)
    0x1000017c   COMPRESSED   0x00000004   Data   RW         6238    .data               mc_w.l(mvars.o)
    0x10000180   COMPRESSED   0x00000004   Data   RW         6242    .data               mc_w.l(errno.o)
    0x10000184        -       0x00000032   Zero   RW         2185    .bss                serial.o
    0x100001b6        -       0x00000200   Zero   RW         2455    .bss                sim900a.o
    0x100003b6        -       0x00000200   Zero   RW         2573    .bss                bluetooth.o
    0x100005b6   COMPRESSED   0x00000002   PAD
    0x100005b8        -       0x00000040   Zero   RW         3160    .bss                queue.o
    0x100005f8        -       0x000000c8   Zero   RW         3393    .bss                tasks.o
    0x100006c0        -       0x00000028   Zero   RW         3698    .bss                timers.o
    0x100006e8        -       0x00000100   Zero   RW         4024    .bss                esp8266.o
    0x100007e8        -       0x00000010   Zero   RW         5467    .bss                inv_mpu_dmp_motion_driver.o
    0x100007f8        -       0x00000200   Zero   RW            2    HEAP                startup_stm32f40_41xxx.o
    0x100009f8        -       0x00000400   Zero   RW            1    STACK               startup_stm32f40_41xxx.o


    Execution Region RW_IRAM1 (Exec base: 0x20000000, Load base: 0x080109d8, Size: 0x00012c00, Max: 0x00020000, ABSOLUTE)

    Exec Addr    Load Addr    Size         Type   Attr      Idx    E Section Name        Object

    0x20000000        -       0x00012c00   Zero   RW         3890    .bss                heap_4.o


==============================================================================

Image component sizes


      Code (inc. data)   RO Data    RW Data    ZI Data      Debug   Object Name

        84         10          0          0          0       1087   beep.o
       388         46          0          6        512       3955   bluetooth.o
      2758         80          0         20          0      20304   cjson.o
       232         22          0          4          0      12379   delay.o
       498         30          0          0          0       5346   dht11.o
      2134        920        278          7        256      10977   esp8266.o
        64          8          0          0          0       1144   fire.o
        64          8          0          0          0       1155   hcsr312.o
       692         62          0         24      76800       4547   heap_4.o
       744         74          0          0          0       5340   iic.o
      6930        318        157         53          0      33384   inv_mpu.o
      3128        138       3062          0         16      21854   inv_mpu_dmp_motion_driver.o
       272         20          0          2          0       2155   key.o
       684         16      14620          0          0       6806   lcd.o
       972         42          0          0          0       4690   lcd_init.o
       156         20          0          0          0       2139   led.o
       148          0          0          0          0       5038   list.o
      3904       1036          0        112          0      15281   main.o
       180         24          0          0          0     295625   misc.o
       308         38          0          0          0       3122   mp3.o
       620          0          0          0          0       6839   mpu6050.o
       164         12          0          0          0       1316   mqadc.o
      1230         40       1520          0          0      11935   oled.o
       954         92          0         12          0      11581   port.o
      2026         22          0          0         64      24577   queue.o
       634         36          0          1          0       2815   rtc.o
       276         28          0          1         50       3851   serial.o
       666        138          0          4        512       6425   sim900a.o
        36          8        392          0       1536        892   startup_stm32f40_41xxx.o
       374         24          0          0          0       5962   stm32f4xx_adc.o
       184         16          0          0          0       2312   stm32f4xx_exti.o
       258          0          0          0          0       5097   stm32f4xx_gpio.o
        12          6          0          0          0        582   stm32f4xx_pwr.o
       508         60          0         16          0       7466   stm32f4xx_rcc.o
      1226         80          0          0          0      11205   stm32f4xx_rtc.o
        64          4          0          0          0        704   stm32f4xx_syscfg.o
       468          8          0          0          0       6611   stm32f4xx_usart.o
       340         32          0         20          0       1997   system_stm32f4xx.o
      2834        368          0         60        200      26213   tasks.o
      1142        118          0         20         40      18071   timers.o

    ----------------------------------------------------------------------
     38410       4004      20084        368      79988     612779   Object Totals
         0          0         48          0          0          0   (incl. Generated)
        54          0          7          6          2          0   (incl. Padding)

    ----------------------------------------------------------------------

      Code (inc. data)   RO Data    RW Data    ZI Data      Debug   Library Member Name

       864         94         80          0          0        280   asin.o
       744        106        152          0          0        352   atan.o
       512         64          0          0          0        208   atan2.o
       104         16          0          0          0        496   dunder.o
        24          0          0          0          0        124   fabs.o
        48          0          0          0          0        124   fpclassify.o
       248          0          0          0          0        152   poly.o
         0          0          8          0          0          0   qnan.o
       110          0          0          0          0        148   sqrt.o
        40         10          0          0          0        128   strtod.o
        86          0          0          0          0          0   __dczerorl2.o
        28          0          0          0          0         68   _chval.o
        64          0          0          0          0         84   _sgetc.o
       158          0          0          0          0         92   _strtoul.o
        26          0          0          0          0         80   atoi.o
         8          4        133          0          0         68   ctype_o.o
         0          0          0          0          0          0   entry.o
         0          0          0          0          0          0   entry10a.o
         0          0          0          0          0          0   entry11a.o
         4          0          0          0          0          0   entry12b.o
         8          4          0          0          0          0   entry2.o
         4          0          0          0          0          0   entry5.o
         0          0          0          0          0          0   entry7b.o
         0          0          0          0          0          0   entry8b.o
         8          4          0          0          0          0   entry9a.o
        20         10          0          4          0        136   errno.o
        30          0          0          0          0          0   handlers.o
        36          8          0          0          0         68   init.o
        18          0          0          0          0         76   isspace_o.o
         0          0          0          0          0          0   iusefp.o
        98          0          0          0          0         84   ldiv.o
        30          0          0          0          0         68   llshl.o
        36          0          0          0          0         68   llsshr.o
        32          0          0          0          0         68   llushr.o
       360         30          0          0          0        356   mallocr.o
        26          0          0          0          0         80   memcmp.o
        36          0          0          0          0         68   memcpya.o
        36          0          0          0          0        108   memseta.o
         0          0          0          8          0          0   mvars.o
      2268         96          0          0          0        616   printfa.o
       878         12          0          0          0        216   scanf_fp.o
         0          0          0          4          0          0   stdout.o
        28          0          0          0          0         76   strcmp.o
        14          0          0          0          0         68   strlen.o
        30          0          0          0          0         80   strncmp.o
        24          0          0          0          0         76   strncpy.o
        36          0          0          0          0         80   strstr.o
       156         12          0          0          0        120   strtod.o
        68          6          0          4          0         80   strtok.o
       112          0          0          0          0         88   strtol.o
        12          0          0          0          0         68   tolower.o
        44          0          0          0          0         80   uidiv.o
        98          0          0          0          0         92   uldiv.o
        48          0          0          0          0         68   cdcmple.o
        48          0          0          0          0         68   cdrcmple.o
        56          0          0          0          0         88   d2f.o
       334          0          0          0          0        148   dadd.o
       222          0          0          0          0        100   ddiv.o
       186          0          0          0          0        176   depilogue.o
        62          0          0          0          0         80   dfixi.o
        48          0          0          0          0         68   dfixul.o
        24          0          0          0          0         76   dfltul.o
       228          0          0          0          0         96   dmul.o
       162          0          0          0          0        100   dsqrt.o
        38          0          0          0          0         68   f2d.o
       110          0          0          0          0        168   fepilogue.o

    ----------------------------------------------------------------------
      9186        476        376         20          0       6628   Library Totals
         6          0          3          0          0          0   (incl. Padding)

    ----------------------------------------------------------------------

      Code (inc. data)   RO Data    RW Data    ZI Data      Debug   Library Name

      2694        290        240          0          0       2012   m_wm.l
      4920        186        133         20          0       3312   mc_w.l
      1566          0          0          0          0       1304   mf_w.l

    ----------------------------------------------------------------------
      9186        476        376         20          0       6628   Library Totals

    ----------------------------------------------------------------------

==============================================================================


      Code (inc. data)   RO Data    RW Data    ZI Data      Debug   

     47596       4480      20460        388      79988     584043   Grand Totals
     47596       4480      20460         60      79988     584043   ELF Image Totals (compressed)
     47596       4480      20460         60          0          0   ROM Totals

==============================================================================

    Total RO  Size (Code + RO Data)                68056 (  66.46kB)
    Total RW  Size (RW Data + ZI Data)             80376 (  78.49kB)
    Total ROM Size (Code + RO Data + RW Data)      68116 (  66.52kB)

==============================================================================

